Archive member included because of file (symbol)

c:/altera/12.0sp2/nios2eds/bin/gnu/h-i686-mingw32/bin/../lib/gcc/nios2-elf/4.1.2/../../../../nios2-elf/lib\libm.a(lib_a-s_cos.o)
                              obj/default/player.o (cos)
c:/altera/12.0sp2/nios2eds/bin/gnu/h-i686-mingw32/bin/../lib/gcc/nios2-elf/4.1.2/../../../../nios2-elf/lib\libm.a(lib_a-s_sin.o)
                              obj/default/player.o (sin)
c:/altera/12.0sp2/nios2eds/bin/gnu/h-i686-mingw32/bin/../lib/gcc/nios2-elf/4.1.2/../../../../nios2-elf/lib\libm.a(lib_a-w_sqrt.o)
                              obj/default/player.o (sqrt)
c:/altera/12.0sp2/nios2eds/bin/gnu/h-i686-mingw32/bin/../lib/gcc/nios2-elf/4.1.2/../../../../nios2-elf/lib\libm.a(lib_a-e_rem_pio2.o)
                              c:/altera/12.0sp2/nios2eds/bin/gnu/h-i686-mingw32/bin/../lib/gcc/nios2-elf/4.1.2/../../../../nios2-elf/lib\libm.a(lib_a-s_cos.o) (__ieee754_rem_pio2)
c:/altera/12.0sp2/nios2eds/bin/gnu/h-i686-mingw32/bin/../lib/gcc/nios2-elf/4.1.2/../../../../nios2-elf/lib\libm.a(lib_a-e_sqrt.o)
                              c:/altera/12.0sp2/nios2eds/bin/gnu/h-i686-mingw32/bin/../lib/gcc/nios2-elf/4.1.2/../../../../nios2-elf/lib\libm.a(lib_a-w_sqrt.o) (__ieee754_sqrt)
c:/altera/12.0sp2/nios2eds/bin/gnu/h-i686-mingw32/bin/../lib/gcc/nios2-elf/4.1.2/../../../../nios2-elf/lib\libm.a(lib_a-k_cos.o)
                              c:/altera/12.0sp2/nios2eds/bin/gnu/h-i686-mingw32/bin/../lib/gcc/nios2-elf/4.1.2/../../../../nios2-elf/lib\libm.a(lib_a-s_cos.o) (__kernel_cos)
c:/altera/12.0sp2/nios2eds/bin/gnu/h-i686-mingw32/bin/../lib/gcc/nios2-elf/4.1.2/../../../../nios2-elf/lib\libm.a(lib_a-k_rem_pio2.o)
                              c:/altera/12.0sp2/nios2eds/bin/gnu/h-i686-mingw32/bin/../lib/gcc/nios2-elf/4.1.2/../../../../nios2-elf/lib\libm.a(lib_a-e_rem_pio2.o) (__kernel_rem_pio2)
c:/altera/12.0sp2/nios2eds/bin/gnu/h-i686-mingw32/bin/../lib/gcc/nios2-elf/4.1.2/../../../../nios2-elf/lib\libm.a(lib_a-k_sin.o)
                              c:/altera/12.0sp2/nios2eds/bin/gnu/h-i686-mingw32/bin/../lib/gcc/nios2-elf/4.1.2/../../../../nios2-elf/lib\libm.a(lib_a-s_cos.o) (__kernel_sin)
c:/altera/12.0sp2/nios2eds/bin/gnu/h-i686-mingw32/bin/../lib/gcc/nios2-elf/4.1.2/../../../../nios2-elf/lib\libm.a(lib_a-s_fabs.o)
                              c:/altera/12.0sp2/nios2eds/bin/gnu/h-i686-mingw32/bin/../lib/gcc/nios2-elf/4.1.2/../../../../nios2-elf/lib\libm.a(lib_a-e_rem_pio2.o) (fabs)
c:/altera/12.0sp2/nios2eds/bin/gnu/h-i686-mingw32/bin/../lib/gcc/nios2-elf/4.1.2/../../../../nios2-elf/lib\libm.a(lib_a-s_floor.o)
                              c:/altera/12.0sp2/nios2eds/bin/gnu/h-i686-mingw32/bin/../lib/gcc/nios2-elf/4.1.2/../../../../nios2-elf/lib\libm.a(lib_a-k_rem_pio2.o) (floor)
c:/altera/12.0sp2/nios2eds/bin/gnu/h-i686-mingw32/bin/../lib/gcc/nios2-elf/4.1.2/../../../../nios2-elf/lib\libm.a(lib_a-s_isnand.o)
                              c:/altera/12.0sp2/nios2eds/bin/gnu/h-i686-mingw32/bin/../lib/gcc/nios2-elf/4.1.2/../../../../nios2-elf/lib\libm.a(lib_a-w_sqrt.o) (__isnand)
c:/altera/12.0sp2/nios2eds/bin/gnu/h-i686-mingw32/bin/../lib/gcc/nios2-elf/4.1.2/../../../../nios2-elf/lib\libm.a(lib_a-s_lib_ver.o)
                              c:/altera/12.0sp2/nios2eds/bin/gnu/h-i686-mingw32/bin/../lib/gcc/nios2-elf/4.1.2/../../../../nios2-elf/lib\libm.a(lib_a-w_sqrt.o) (__fdlib_version)
c:/altera/12.0sp2/nios2eds/bin/gnu/h-i686-mingw32/bin/../lib/gcc/nios2-elf/4.1.2/../../../../nios2-elf/lib\libm.a(lib_a-s_matherr.o)
                              c:/altera/12.0sp2/nios2eds/bin/gnu/h-i686-mingw32/bin/../lib/gcc/nios2-elf/4.1.2/../../../../nios2-elf/lib\libm.a(lib_a-w_sqrt.o) (matherr)
c:/altera/12.0sp2/nios2eds/bin/gnu/h-i686-mingw32/bin/../lib/gcc/nios2-elf/4.1.2/../../../../nios2-elf/lib\libm.a(lib_a-s_scalbn.o)
                              c:/altera/12.0sp2/nios2eds/bin/gnu/h-i686-mingw32/bin/../lib/gcc/nios2-elf/4.1.2/../../../../nios2-elf/lib\libm.a(lib_a-k_rem_pio2.o) (scalbn)
c:/altera/12.0sp2/nios2eds/bin/gnu/h-i686-mingw32/bin/../lib/gcc/nios2-elf/4.1.2/../../../../nios2-elf/lib\libm.a(lib_a-s_copysign.o)
                              c:/altera/12.0sp2/nios2eds/bin/gnu/h-i686-mingw32/bin/../lib/gcc/nios2-elf/4.1.2/../../../../nios2-elf/lib\libm.a(lib_a-s_scalbn.o) (copysign)
c:/altera/12.0sp2/nios2eds/bin/gnu/h-i686-mingw32/bin/../lib/gcc/nios2-elf/4.1.2\libgcc.a(_addsub_df.o)
                              c:/altera/12.0sp2/nios2eds/bin/gnu/h-i686-mingw32/bin/../lib/gcc/nios2-elf/4.1.2/../../../../nios2-elf/lib\libm.a(lib_a-s_cos.o) (__subdf3)
c:/altera/12.0sp2/nios2eds/bin/gnu/h-i686-mingw32/bin/../lib/gcc/nios2-elf/4.1.2\libgcc.a(_mul_df.o)
                              obj/default/player.o (__muldf3)
c:/altera/12.0sp2/nios2eds/bin/gnu/h-i686-mingw32/bin/../lib/gcc/nios2-elf/4.1.2\libgcc.a(_div_df.o)
                              obj/default/player.o (__divdf3)
c:/altera/12.0sp2/nios2eds/bin/gnu/h-i686-mingw32/bin/../lib/gcc/nios2-elf/4.1.2\libgcc.a(_eq_df.o)
[...]
Memory Configuration

Name             Origin             Length             Attributes
onchip_memory    0x00004000         0x00001000
reset            0x01000000         0x00000020
sdram            0x01000020         0x007fffe0
*default*        0x00000000         0xffffffff

Linker script and memory map

LOAD ../SuperMarioTanks_bsp//obj/HAL/src/crt0.o
LOAD obj/default/field.o
LOAD obj/default/keyboard.o
LOAD obj/default/menu.o
LOAD obj/default/player.o
LOAD obj/default/screen.o
LOAD obj/default/sd_card.o
LOAD obj/default/tanks.o
LOAD c:/altera/12.0sp2/nios2eds/bin/gnu/h-i686-mingw32/bin/../lib/gcc/nios2-elf/4.1.2/../../../../nios2-elf/lib\libstdc++.a
LOAD c:/altera/12.0sp2/nios2eds/bin/gnu/h-i686-mingw32/bin/../lib/gcc/nios2-elf/4.1.2/../../../../nios2-elf/lib\libm.a
LOAD c:/altera/12.0sp2/nios2eds/bin/gnu/h-i686-mingw32/bin/../lib/gcc/nios2-elf/4.1.2\libgcc.a
START GROUP
LOAD c:/altera/12.0sp2/nios2eds/bin/gnu/h-i686-mingw32/bin/../lib/gcc/nios2-elf/4.1.2/../../../../nios2-elf/lib\libc.a
LOAD c:/altera/12.0sp2/nios2eds/bin/gnu/h-i686-mingw32/bin/../lib/gcc/nios2-elf/4.1.2\libgcc.a
LOAD ../SuperMarioTanks_bsp/\libhal_bsp.a
END GROUP
LOAD c:/altera/12.0sp2/nios2eds/bin/gnu/h-i686-mingw32/bin/../lib/gcc/nios2-elf/4.1.2\libgcc.a
                0x00004000                __alt_mem_onchip_memory = 0x4000
                0x01000000                __alt_mem_sdram = 0x1000000

.entry          0x01000000       0x20
 *(.entry)
 .entry         0x01000000       0x20 ../SuperMarioTanks_bsp//obj/HAL/src/crt0.o
                0x01000000                __reset

.exceptions     0x01000020      0x198
                0x01000020                PROVIDE (__ram_exceptions_start, ABSOLUTE (.))
                0x01000020                . = ALIGN (0x20)
 *(.irq)
 *(.exceptions.entry.label)
 .exceptions.entry.label
                0x01000020        0x0 ../SuperMarioTanks_bsp/\libhal_bsp.a(alt_irq_entry.o)
                0x01000020                alt_irq_entry
 .exceptions.entry.label
                0x01000020        0x0 ../SuperMarioTanks_bsp/\libhal_bsp.a(alt_exception_entry.o)
                0x01000020                alt_exception
 *(.exceptions.entry.user)
 *(.exceptions.entry)
 .exceptions.entry
                0x01000020       0x54 ../SuperMarioTanks_bsp/\libhal_bsp.a(alt_exception_entry.o)
 *(.exceptions.irqtest.user)
 *(.exceptions.irqtest)
 .exceptions.irqtest
                0x01000074       0x10 ../SuperMarioTanks_bsp/\libhal_bsp.a(alt_irq_entry.o)
 *(.exceptions.irqhandler.user)
 *(.exceptions.irqhandler)
 .exceptions.irqhandler
                0x01000084        0x4 ../SuperMarioTanks_bsp/\libhal_bsp.a(alt_irq_entry.o)
 *(.exceptions.irqreturn.user)
 *(.exceptions.irqreturn)
 .exceptions.irqreturn
                0x01000088        0x4 ../SuperMarioTanks_bsp/\libhal_bsp.a(alt_irq_entry.o)
 *(.exceptions.notirq.label)
 .exceptions.notirq.label
                0x0100008c        0x0 ../SuperMarioTanks_bsp/\libhal_bsp.a(alt_irq_entry.o)
 *(.exceptions.notirq.user)
 *(.exceptions.notirq)
 .exceptions.notirq
                0x0100008c        0x8 ../SuperMarioTanks_bsp/\libhal_bsp.a(alt_exception_entry.o)
 *(.exceptions.soft.user)
 *(.exceptions.soft)
 *(.exceptions.unknown.user)
 *(.exceptions.unknown)
 .exceptions.unknown
                0x01000094        0x4 ../SuperMarioTanks_bsp/\libhal_bsp.a(alt_exception_entry.o)
 *(.exceptions.exit.label)
 .exceptions.exit.label
                0x01000098        0x0 ../SuperMarioTanks_bsp/\libhal_bsp.a(alt_irq_entry.o)
 .exceptions.exit.label
                0x01000098        0x0 ../SuperMarioTanks_bsp/\libhal_bsp.a(alt_exception_entry.o)
 *(.exceptions.exit.user)
 *(.exceptions.exit)
 .exceptions.exit
                0x01000098       0x54 ../SuperMarioTanks_bsp/\libhal_bsp.a(alt_exception_entry.o)
 *(.exceptions)
 .exceptions    0x010000ec       0xcc ../SuperMarioTanks_bsp/\libhal_bsp.a(alt_irq_handler.o)
                0x010000ec                alt_irq_handler
                0x010001b8                PROVIDE (__ram_exceptions_end, ABSOLUTE (.))
                0x01000020                PROVIDE (__flash_exceptions_start, LOADADDR (.exceptions))

.text           0x010001b8    0x184a0
                0x010001b8                PROVIDE (stext, ABSOLUTE (.))
 *(.interp)
 *(.hash)
 *(.dynsym)
 *(.dynstr)
 *(.gnu.version)
 *(.gnu.version_d)
 *(.gnu.version_r)
 *(.rel.init)
 *(.rela.init)
 *(.rel.text .rel.text.* .rel.gnu.linkonce.t.*)
 *(.rela.text .rela.text.* .rela.gnu.linkonce.t.*)
 *(.rel.fini)
 *(.rela.fini)
 *(.rel.rodata .rel.rodata.* .rel.gnu.linkonce.r.*)
 *(.rela.rodata .rela.rodata.* .rela.gnu.linkonce.r.*)
 *(.rel.data .rel.data.* .rel.gnu.linkonce.d.*)
 *(.rela.data .rela.data.* .rela.gnu.linkonce.d.*)
 *(.rel.tdata .rel.tdata.* .rel.gnu.linkonce.td.*)
 *(.rela.tdata .rela.tdata.* .rela.gnu.linkonce.td.*)
 *(.rel.tbss .rel.tbss.* .rel.gnu.linkonce.tb.*)
 *(.rela.tbss .rela.tbss.* .rela.gnu.linkonce.tb.*)
 *(.rel.ctors)
 *(.rela.ctors)
 *(.rel.dtors)
 *(.rela.dtors)
 *(.rel.got)
 *(.rela.got)
 *(.rel.sdata .rel.sdata.* .rel.gnu.linkonce.s.*)
 *(.rela.sdata .rela.sdata.* .rela.gnu.linkonce.s.*)
 *(.rel.sbss .rel.sbss.* .rel.gnu.linkonce.sb.*)
 *(.rela.sbss .rela.sbss.* .rela.gnu.linkonce.sb.*)
 *(.rel.sdata2 .rel.sdata2.* .rel.gnu.linkonce.s2.*)
 *(.rela.sdata2 .rela.sdata2.* .rela.gnu.linkonce.s2.*)
 *(.rel.sbss2 .rel.sbss2.* .rel.gnu.linkonce.sb2.*)
 *(.rela.sbss2 .rela.sbss2.* .rela.gnu.linkonce.sb2.*)
 *(.rel.bss .rel.bss.* .rel.gnu.linkonce.b.*)
 *(.rela.bss .rela.bss.* .rela.gnu.linkonce.b.*)
 *(.rel.plt)
 *(.rela.plt)
 *(.rel.dyn)
 *(.init)
 *(.plt)
 *(.text .stub .text.* .gnu.linkonce.t.*)
 .text          0x010001b8       0x4c ../SuperMarioTanks_bsp//obj/HAL/src/crt0.o
                0x010001b8                _start
 .text          0x01000204      0x1a0 obj/default/field.o
                0x01000204                generateField
                0x010002b0                printField
                0x010002f8                initField
 .text          0x010003a4        0x0 obj/default/keyboard.o
 .text          0x010003a4      0x23c obj/default/menu.o
                0x010003a4                initState1
                0x010004d4                initState0
 .text          0x010005e0      0xb28 obj/default/player.o
                0x010005e0                moveLeft
                0x010006ec                moveRight
                0x01000808                turretCW
                0x01000830                turretCCW
                0x01000858                checkPlayerFalling
                0x010008cc                getHitPlayer
                0x0100095c                bulletExplode
                0x01000bf8                getHitGround
                0x01000c74                getTurretHeight
                0x01000d04                getTurretWidth
                0x01000d94                kevininitPlayer
                0x01000e0c                turretFire
 .text          0x01001108      0x6e8 obj/default/screen.o
                0x01001108                clearCharBuffer
                0x01001110                drawTest
                0x0100118c                updateBullet
                0x010011a0                printHp
                0x0100131c                printString
                0x01001338                initCharBuffer
                0x01001360                updateScreen
                0x01001388                clearScreen
                0x01001394                initScreen
                0x010013f8                printLines
                0x01001474                updateExplosion
                0x010014bc                updateField
                0x01001544                updatePlayer
 .text          0x010017f0      0x114 obj/default/sd_card.o
                0x010017f0                printSD
 .text          0x01001904      0xc60 obj/default/tanks.o
                0x01001904                clearPlayerName
                0x01001930                clean_up
                0x0100198c                Name_Entered
                0x010019c4                AdjustChar
                0x010019c8                WinScreenTest
                0x01001a04                initPlayer
                0x01001ba0                main
 .text          0x01002564      0x168 c:/altera/12.0sp2/nios2eds/bin/gnu/h-i686-mingw32/bin/../lib/gcc/nios2-elf/4.1.2/../../../../nios2-elf/lib\libm.a(lib_a-s_cos.o)
                0x01002564                cos
 .text          0x010026cc      0x16c c:/altera/12.0sp2/nios2eds/bin/gnu/h-i686-mingw32/bin/../lib/gcc/nios2-elf/4.1.2/../../../../nios2-elf/lib\libm.a(lib_a-s_sin.o)
                0x010026cc                sin
 .text          0x01002838      0x130 c:/altera/12.0sp2/nios2eds/bin/gnu/h-i686-mingw32/bin/../lib/gcc/nios2-elf/4.1.2/../../../../nios2-elf/lib\libm.a(lib_a-w_sqrt.o)
                0x01002838                sqrt
 .text          0x01002968      0x828 c:/altera/12.0sp2/nios2eds/bin/gnu/h-i686-mingw32/bin/../lib/gcc/nios2-elf/4.1.2/../../../../nios2-elf/lib\libm.a(lib_a-e_rem_pio2.o)
                0x01002968                __ieee754_rem_pio2
 .text          0x01003190      0x2c8 c:/altera/12.0sp2/nios2eds/bin/gnu/h-i686-mingw32/bin/../lib/gcc/nios2-elf/4.1.2/../../../../nios2-elf/lib\libm.a(lib_a-e_sqrt.o)
                0x01003190                __ieee754_sqrt
 .text          0x01003458      0x52c c:/altera/12.0sp2/nios2eds/bin/gnu/h-i686-mingw32/bin/../lib/gcc/nios2-elf/4.1.2/../../../../nios2-elf/lib\libm.a(lib_a-k_cos.o)
                0x01003458                __kernel_cos
 .text          0x01003984      0xe7c c:/altera/12.0sp2/nios2eds/bin/gnu/h-i686-mingw32/bin/../lib/gcc/nios2-elf/4.1.2/../../../../nios2-elf/lib\libm.a(lib_a-k_rem_pio2.o)
                0x01003984                __kernel_rem_pio2
 .text          0x01004800      0x318 c:/altera/12.0sp2/nios2eds/bin/gnu/h-i686-mingw32/bin/../lib/gcc/nios2-elf/4.1.2/../../../../nios2-elf/lib\libm.a(lib_a-k_sin.o)
                0x01004800                __kernel_sin
 .text          0x01004b18       0x18 c:/altera/12.0sp2/nios2eds/bin/gnu/h-i686-mingw32/bin/../lib/gcc/nios2-elf/4.1.2/../../../../nios2-elf/lib\libm.a(lib_a-s_fabs.o)
                0x01004b18                fabs
 .text          0x01004b30      0x224 c:/altera/12.0sp2/nios2eds/bin/gnu/h-i686-mingw32/bin/../lib/gcc/nios2-elf/4.1.2/../../../../nios2-elf/lib\libm.a(lib_a-s_floor.o)
                0x01004b30                floor
 .text          0x01004d54       0x30 c:/altera/12.0sp2/nios2eds/bin/gnu/h-i686-mingw32/bin/../lib/gcc/nios2-elf/4.1.2/../../../../nios2-elf/lib\libm.a(lib_a-s_isnand.o)
                0x01004d54                __isnand
 .text          0x01004d84        0x0 c:/altera/12.0sp2/nios2eds/bin/gnu/h-i686-mingw32/bin/../lib/gcc/nios2-elf/4.1.2/../../../../nios2-elf/lib\libm.a(lib_a-s_lib_ver.o)
 .text          0x01004d84        0x8 c:/altera/12.0sp2/nios2eds/bin/gnu/h-i686-mingw32/bin/../lib/gcc/nios2-elf/4.1.2/../../../../nios2-elf/lib\libm.a(lib_a-s_matherr.o)
                0x01004d84                matherr
 .text          0x01004d8c      0x1e0 c:/altera/12.0sp2/nios2eds/bin/gnu/h-i686-mingw32/bin/../lib/gcc/nios2-elf/4.1.2/../../../../nios2-elf/lib\libm.a(lib_a-s_scalbn.o)
                0x01004d8c                scalbn
 .text          0x01004f6c       0x24 c:/altera/12.0sp2/nios2eds/bin/gnu/h-i686-mingw32/bin/../lib/gcc/nios2-elf/4.1.2/../../../../nios2-elf/lib\libm.a(lib_a-s_copysign.o)
                0x01004f6c                copysign
 .text          0x01004f90      0x504 c:/altera/12.0sp2/nios2eds/bin/gnu/h-i686-mingw32/bin/../lib/gcc/nios2-elf/4.1.2\libgcc.a(_addsub_df.o)
                0x010053a0                __subdf3
                0x01005420                __adddf3
 .text          0x01005494      0x3c4 c:/altera/12.0sp2/nios2eds/bin/gnu/h-i686-mingw32/bin/../lib/gcc/nios2-elf/4.1.2\libgcc.a(_mul_df.o)
                0x01005494                __muldf3
 .text          0x01005858      0x258 c:/altera/12.0sp2/nios2eds/bin/gnu/h-i686-mingw32/bin/../lib/gcc/nios2-elf/4.1.2\libgcc.a(_div_df.o)
                0x01005858                __divdf3
 .text          0x01005ab0       0x88 c:/altera/12.0sp2/nios2eds/bin/gnu/h-i686-mingw32/bin/../lib/gcc/nios2-elf/4.1.2\libgcc.a(_eq_df.o)
                0x01005ab0                __eqdf2
 .text          0x01005b38       0x88 c:/altera/12.0sp2/nios2eds/bin/gnu/h-i686-mingw32/bin/../lib/gcc/nios2-elf/4.1.2\libgcc.a(_gt_df.o)
                0x01005b38                __gtdf2
 .text          0x01005bc0       0x88 c:/altera/12.0sp2/nios2eds/bin/gnu/h-i686-mingw32/bin/../lib/gcc/nios2-elf/4.1.2\libgcc.a(_ge_df.o)
                0x01005bc0                __gedf2
 .text          0x01005c48       0x88 c:/altera/12.0sp2/nios2eds/bin/gnu/h-i686-mingw32/bin/../lib/gcc/nios2-elf/4.1.2\libgcc.a(_lt_df.o)
                0x01005c48                __ltdf2
 .text          0x01005cd0       0xf8 c:/altera/12.0sp2/nios2eds/bin/gnu/h-i686-mingw32/bin/../lib/gcc/nios2-elf/4.1.2\libgcc.a(_si_to_df.o)
                0x01005cd0                __floatsidf
 .text          0x01005dc8       0xd8 c:/altera/12.0sp2/nios2eds/bin/gnu/h-i686-mingw32/bin/../lib/gcc/nios2-elf/4.1.2\libgcc.a(_df_to_si.o)
                0x01005dc8                __fixdfsi
 .text          0x01005ea0        0x0 c:/altera/12.0sp2/nios2eds/bin/gnu/h-i686-mingw32/bin/../lib/gcc/nios2-elf/4.1.2\libgcc.a(_thenan_df.o)
 .text          0x01005ea0      0x14c c:/altera/12.0sp2/nios2eds/bin/gnu/h-i686-mingw32/bin/../lib/gcc/nios2-elf/4.1.2\libgcc.a(lib2-divmod.o)
                0x01005f1c                __divsi3
                0x01005f7c                __modsi3
                0x01005fdc                __udivsi3
                0x01005fe4                __umodsi3
 .text          0x01005fec       0x98 c:/altera/12.0sp2/nios2eds/bin/gnu/h-i686-mingw32/bin/../lib/gcc/nios2-elf/4.1.2\libgcc.a(_muldi3.o)
                0x01005fec                __muldi3
 .text          0x01006084       0x80 c:/altera/12.0sp2/nios2eds/bin/gnu/h-i686-mingw32/bin/../lib/gcc/nios2-elf/4.1.2\libgcc.a(_clzsi2.o)
                0x01006084                __clzsi2
 .text          0x01006104      0x314 c:/altera/12.0sp2/nios2eds/bin/gnu/h-i686-mingw32/bin/../lib/gcc/nios2-elf/4.1.2\libgcc.a(_pack_df.o)
                0x01006104                __pack_d
 .text          0x01006418      0x138 c:/altera/12.0sp2/nios2eds/bin/gnu/h-i686-mingw32/bin/../lib/gcc/nios2-elf/4.1.2\libgcc.a(_unpack_df.o)
                0x01006418                __unpack_d
 .text          0x01006550       0xc8 c:/altera/12.0sp2/nios2eds/bin/gnu/h-i686-mingw32/bin/../lib/gcc/nios2-elf/4.1.2\libgcc.a(_fpcmp_parts_df.o)
                0x01006550                __fpcmp_parts_d
 .text          0x01006618        0x0 c:/altera/12.0sp2/nios2eds/bin/gnu/h-i686-mingw32/bin/../lib/gcc/nios2-elf/4.1.2\libgcc.a(_clz.o)
 .text          0x01006618       0x10 c:/altera/12.0sp2/nios2eds/bin/gnu/h-i686-mingw32/bin/../lib/gcc/nios2-elf/4.1.2/../../../../nios2-elf/lib\libc.a(lib_a-errno.o)
                0x01006618                __errno
 .text          0x01006628        0x0 c:/altera/12.0sp2/nios2eds/bin/gnu/h-i686-mingw32/bin/../lib/gcc/nios2-elf/4.1.2/../../../../nios2-elf/lib\libc.a(lib_a-impure.o)
 .text          0x01006628       0x78 c:/altera/12.0sp2/nios2eds/bin/gnu/h-i686-mingw32/bin/../lib/gcc/nios2-elf/4.1.2/../../../../nios2-elf/lib\libc.a(lib_a-printf.o)
                0x01006628                printf
                0x0100666c                _printf_r
 .text          0x010066a0       0xb4 c:/altera/12.0sp2/nios2eds/bin/gnu/h-i686-mingw32/bin/../lib/gcc/nios2-elf/4.1.2/../../../../nios2-elf/lib\libc.a(lib_a-puts.o)
                0x010066a0                _puts_r
                0x01006740                puts
 .text          0x01006754      0x170 c:/altera/12.0sp2/nios2eds/bin/gnu/h-i686-mingw32/bin/../lib/gcc/nios2-elf/4.1.2/../../../../nios2-elf/lib\libc.a(lib_a-snprintf.o)
                0x01006754                snprintf
                0x01006810                _snprintf_r
 .text          0x010068c4       0x8c c:/altera/12.0sp2/nios2eds/bin/gnu/h-i686-mingw32/bin/../lib/gcc/nios2-elf/4.1.2/../../../../nios2-elf/lib\libc.a(lib_a-strcpy.o)
                0x010068c4                strcpy
 .text          0x01006950       0x74 c:/altera/12.0sp2/nios2eds/bin/gnu/h-i686-mingw32/bin/../lib/gcc/nios2-elf/4.1.2/../../../../nios2-elf/lib\libc.a(lib_a-strlen.o)
                0x01006950                strlen
 .text          0x010069c4     0x1f28 c:/altera/12.0sp2/nios2eds/bin/gnu/h-i686-mingw32/bin/../lib/gcc/nios2-elf/4.1.2/../../../../nios2-elf/lib\libc.a(lib_a-vfprintf.o)
                0x01006a1c                ___vfprintf_internal_r
                0x010088c8                __vfprintf_internal
 .text          0x010088ec      0x13c c:/altera/12.0sp2/nios2eds/bin/gnu/h-i686-mingw32/bin/../lib/gcc/nios2-elf/4.1.2/../../../../nios2-elf/lib\libc.a(lib_a-wsetup.o)
                0x010088ec                __swsetup_r
 .text          0x01008a28     0x17cc c:/altera/12.0sp2/nios2eds/bin/gnu/h-i686-mingw32/bin/../lib/gcc/nios2-elf/4.1.2/../../../../nios2-elf/lib\libc.a(lib_a-dtoa.o)
                0x01008c40                _dtoa_r
 .text          0x0100a1f4      0x230 c:/altera/12.0sp2/nios2eds/bin/gnu/h-i686-mingw32/bin/../lib/gcc/nios2-elf/4.1.2/../../../../nios2-elf/lib\libc.a(lib_a-fflush.o)
                0x0100a1f4                _fflush_r
                0x0100a3f0                fflush
 .text          0x0100a424      0x2c0 c:/altera/12.0sp2/nios2eds/bin/gnu/h-i686-mingw32/bin/../lib/gcc/nios2-elf/4.1.2/../../../../nios2-elf/lib\libc.a(lib_a-findfp.o)
                0x0100a47c                __sfp_lock_acquire
                0x0100a480                __sfp_lock_release
                0x0100a484                __sinit_lock_acquire
                0x0100a488                __sinit_lock_release
                0x0100a48c                __sinit
                0x0100a540                __fp_unlock_all
                0x0100a558                __fp_lock_all
                0x0100a570                _cleanup_r
                0x0100a57c                _cleanup
                0x0100a58c                __sfmoreglue
                0x0100a5f4                __sfp
 .text          0x0100a6e4      0x440 c:/altera/12.0sp2/nios2eds/bin/gnu/h-i686-mingw32/bin/../lib/gcc/nios2-elf/4.1.2/../../../../nios2-elf/lib\libc.a(lib_a-freer.o)
                0x0100a6e4                _malloc_trim_r
                0x0100a810                _free_r
 .text          0x0100ab24      0x49c c:/altera/12.0sp2/nios2eds/bin/gnu/h-i686-mingw32/bin/../lib/gcc/nios2-elf/4.1.2/../../../../nios2-elf/lib\libc.a(lib_a-fvwrite.o)
                0x0100ab24                __sfvwrite_r
 .text          0x0100afc0      0x180 c:/altera/12.0sp2/nios2eds/bin/gnu/h-i686-mingw32/bin/../lib/gcc/nios2-elf/4.1.2/../../../../nios2-elf/lib\libc.a(lib_a-fwalk.o)
                0x0100afc0                _fwalk_reent
                0x0100b088                _fwalk
 .text          0x0100b140       0xc4 c:/altera/12.0sp2/nios2eds/bin/gnu/h-i686-mingw32/bin/../lib/gcc/nios2-elf/4.1.2/../../../../nios2-elf/lib\libc.a(lib_a-locale.o)
                0x0100b140                __locale_charset
                0x0100b148                _localeconv_r
                0x0100b154                localeconv
                0x0100b164                _setlocale_r
                0x0100b1e8                setlocale
 .text          0x0100b204      0x194 c:/altera/12.0sp2/nios2eds/bin/gnu/h-i686-mingw32/bin/../lib/gcc/nios2-elf/4.1.2/../../../../nios2-elf/lib\libc.a(lib_a-makebuf.o)
                0x0100b204                __smakebuf_r
 .text          0x0100b398      0x740 c:/altera/12.0sp2/nios2eds/bin/gnu/h-i686-mingw32/bin/../lib/gcc/nios2-elf/4.1.2/../../../../nios2-elf/lib\libc.a(lib_a-mallocr.o)
                0x0100b398                _malloc_r
 .text          0x0100bad8       0xe4 c:/altera/12.0sp2/nios2eds/bin/gnu/h-i686-mingw32/bin/../lib/gcc/nios2-elf/4.1.2/../../../../nios2-elf/lib\libc.a(lib_a-memchr.o)
                0x0100bad8                memchr
 .text          0x0100bbbc       0xa0 c:/altera/12.0sp2/nios2eds/bin/gnu/h-i686-mingw32/bin/../lib/gcc/nios2-elf/4.1.2/../../../../nios2-elf/lib\libc.a(lib_a-memcpy.o)
                0x0100bbbc                memcpy
 .text          0x0100bc5c       0xe0 c:/altera/12.0sp2/nios2eds/bin/gnu/h-i686-mingw32/bin/../lib/gcc/nios2-elf/4.1.2/../../../../nios2-elf/lib\libc.a(lib_a-memmove.o)
                0x0100bc5c                memmove
 .text          0x0100bd3c       0x98 c:/altera/12.0sp2/nios2eds/bin/gnu/h-i686-mingw32/bin/../lib/gcc/nios2-elf/4.1.2/../../../../nios2-elf/lib\libc.a(lib_a-memset.o)
                0x0100bd3c                memset
 .text          0x0100bdd4      0xff4 c:/altera/12.0sp2/nios2eds/bin/gnu/h-i686-mingw32/bin/../lib/gcc/nios2-elf/4.1.2/../../../../nios2-elf/lib\libc.a(lib_a-mprec.o)
                0x0100bdd4                _Bfree
                0x0100bdfc                __hi0bits
                0x0100be6c                __lo0bits
                0x0100bf30                __mcmp
                0x0100bf90                __ulp
                0x0100c010                __b2d
                0x0100c130                __ratio
                0x0100c1e0                _mprec_log10
                0x0100c274                __copybits
                0x0100c2cc                __any_on
                0x0100c354                _Balloc
                0x0100c410                __d2b
                0x0100c58c                __mdiff
                0x0100c718                __lshift
                0x0100c864                __multiply
                0x0100ca4c                __i2b
                0x0100ca88                __multadd
                0x0100cb88                __pow5mult
                0x0100cca8                __s2b
 .text          0x0100cdc8      0x5f4 c:/altera/12.0sp2/nios2eds/bin/gnu/h-i686-mingw32/bin/../lib/gcc/nios2-elf/4.1.2/../../../../nios2-elf/lib\libc.a(lib_a-reallocr.o)
                0x0100cdc8                _realloc_r
 .text          0x0100d3bc       0x40 c:/altera/12.0sp2/nios2eds/bin/gnu/h-i686-mingw32/bin/../lib/gcc/nios2-elf/4.1.2/../../../../nios2-elf/lib\libc.a(lib_a-s_isinfd.o)
                0x0100d3bc                __isinfd
 .text          0x0100d3fc       0x70 c:/altera/12.0sp2/nios2eds/bin/gnu/h-i686-mingw32/bin/../lib/gcc/nios2-elf/4.1.2/../../../../nios2-elf/lib\libc.a(lib_a-sbrkr.o)
                0x0100d3fc                _sbrk_r
 .text          0x0100d46c      0x14c c:/altera/12.0sp2/nios2eds/bin/gnu/h-i686-mingw32/bin/../lib/gcc/nios2-elf/4.1.2/../../../../nios2-elf/lib\libc.a(lib_a-stdio.o)
                0x0100d46c                __sclose
                0x0100d474                __sseek
                0x0100d4dc                __swrite
                0x0100d558                __sread
 .text          0x0100d5b8       0xbc c:/altera/12.0sp2/nios2eds/bin/gnu/h-i686-mingw32/bin/../lib/gcc/nios2-elf/4.1.2/../../../../nios2-elf/lib\libc.a(lib_a-strcmp.o)
                0x0100d5b8                strcmp
 .text          0x0100d674       0x78 c:/altera/12.0sp2/nios2eds/bin/gnu/h-i686-mingw32/bin/../lib/gcc/nios2-elf/4.1.2/../../../../nios2-elf/lib\libc.a(lib_a-writer.o)
                0x0100d674                _write_r
 .text          0x0100d6ec       0xb4 c:/altera/12.0sp2/nios2eds/bin/gnu/h-i686-mingw32/bin/../lib/gcc/nios2-elf/4.1.2/../../../../nios2-elf/lib\libc.a(lib_a-callocr.o)
                0x0100d6ec                _calloc_r
 .text          0x0100d7a0       0x70 c:/altera/12.0sp2/nios2eds/bin/gnu/h-i686-mingw32/bin/../lib/gcc/nios2-elf/4.1.2/../../../../nios2-elf/lib\libc.a(lib_a-closer.o)
                0x0100d7a0                _close_r
 .text          0x0100d810      0x124 c:/altera/12.0sp2/nios2eds/bin/gnu/h-i686-mingw32/bin/../lib/gcc/nios2-elf/4.1.2/../../../../nios2-elf/lib\libc.a(lib_a-fclose.o)
                0x0100d810                _fclose_r
                0x0100d920                fclose
 .text          0x0100d934       0x74 c:/altera/12.0sp2/nios2eds/bin/gnu/h-i686-mingw32/bin/../lib/gcc/nios2-elf/4.1.2/../../../../nios2-elf/lib\libc.a(lib_a-fstatr.o)
                0x0100d934                _fstat_r
 .text          0x0100d9a8        0x0 c:/altera/12.0sp2/nios2eds/bin/gnu/h-i686-mingw32/bin/../lib/gcc/nios2-elf/4.1.2/../../../../nios2-elf/lib\libc.a(lib_a-int_errno.o)
 .text          0x0100d9a8       0x70 c:/altera/12.0sp2/nios2eds/bin/gnu/h-i686-mingw32/bin/../lib/gcc/nios2-elf/4.1.2/../../../../nios2-elf/lib\libc.a(lib_a-isattyr.o)
                0x0100d9a8                _isatty_r
 .text          0x0100da18       0x78 c:/altera/12.0sp2/nios2eds/bin/gnu/h-i686-mingw32/bin/../lib/gcc/nios2-elf/4.1.2/../../../../nios2-elf/lib\libc.a(lib_a-lseekr.o)
                0x0100da18                _lseek_r
 .text          0x0100da90       0x78 c:/altera/12.0sp2/nios2eds/bin/gnu/h-i686-mingw32/bin/../lib/gcc/nios2-elf/4.1.2/../../../../nios2-elf/lib\libc.a(lib_a-readr.o)
                0x0100da90                _read_r
 .text          0x0100db08      0x5dc c:/altera/12.0sp2/nios2eds/bin/gnu/h-i686-mingw32/bin/../lib/gcc/nios2-elf/4.1.2\libgcc.a(_udivdi3.o)
                0x0100db08                __udivdi3
 .text          0x0100e0e4      0x5b0 c:/altera/12.0sp2/nios2eds/bin/gnu/h-i686-mingw32/bin/../lib/gcc/nios2-elf/4.1.2\libgcc.a(_umoddi3.o)
                0x0100e0e4                __umoddi3
 .text          0x0100e694       0x88 c:/altera/12.0sp2/nios2eds/bin/gnu/h-i686-mingw32/bin/../lib/gcc/nios2-elf/4.1.2\libgcc.a(_ne_df.o)
                0x0100e694                __nedf2
 .text          0x0100e71c      0x194 c:/altera/12.0sp2/nios2eds/bin/gnu/h-i686-mingw32/bin/../lib/gcc/nios2-elf/4.1.2\libgcc.a(_usi_to_df.o)
                0x0100e71c                __floatunsidf
 .text          0x0100e8b0      0x15c ../SuperMarioTanks_bsp/\libhal_bsp.a(alt_close.o)
                0x0100e8b0                close
 .text          0x0100ea0c       0x2c ../SuperMarioTanks_bsp/\libhal_bsp.a(alt_dev.o)
 .text          0x0100ea38        0x0 ../SuperMarioTanks_bsp/\libhal_bsp.a(alt_errno.o)
 .text          0x0100ea38      0x134 ../SuperMarioTanks_bsp/\libhal_bsp.a(alt_fstat.o)
                0x0100ea38                fstat
 .text          0x0100eb6c      0x1c0 ../SuperMarioTanks_bsp/\libhal_bsp.a(alt_irq_register.o)
                0x0100eb6c                alt_irq_register
 .text          0x0100ed2c        0x0 ../SuperMarioTanks_bsp/\libhal_bsp.a(alt_irq_vars.o)
 .text          0x0100ed2c      0x120 ../SuperMarioTanks_bsp/\libhal_bsp.a(alt_isatty.o)
                0x0100ed2c                isatty
 .text          0x0100ee4c       0xec ../SuperMarioTanks_bsp/\libhal_bsp.a(alt_load.o)
                0x0100ee4c                alt_load
 .text          0x0100ef38      0x150 ../SuperMarioTanks_bsp/\libhal_bsp.a(alt_lseek.o)
                0x0100ef38                lseek
 .text          0x0100f088       0x6c ../SuperMarioTanks_bsp/\libhal_bsp.a(alt_main.o)
                0x0100f088                alt_main
 .text          0x0100f0f4       0x40 ../SuperMarioTanks_bsp/\libhal_bsp.a(alt_malloc_lock.o)
                0x0100f0f4                __malloc_lock
                0x0100f114                __malloc_unlock
 .text          0x0100f134      0x180 ../SuperMarioTanks_bsp/\libhal_bsp.a(alt_read.o)
                0x0100f134                read
 .text          0x0100f2b4       0x60 ../SuperMarioTanks_bsp/\libhal_bsp.a(alt_release_fd.o)
                0x0100f2b4                alt_release_fd
 .text          0x0100f314       0xbc ../SuperMarioTanks_bsp/\libhal_bsp.a(alt_sbrk.o)
                0x0100f314                sbrk
 .text          0x0100f3d0       0x30 ../SuperMarioTanks_bsp/\libhal_bsp.a(alt_usleep.o)
                0x0100f3d0                usleep
 .text          0x0100f400      0x180 ../SuperMarioTanks_bsp/\libhal_bsp.a(alt_write.o)
                0x0100f400                write
 .text          0x0100f580      0x3ac ../SuperMarioTanks_bsp/\libhal_bsp.a(alt_sys_init.o)
                0x0100f580                alt_irq_init
                0x0100f5b4                alt_sys_init
 .text          0x0100f92c      0x148 ../SuperMarioTanks_bsp/\libhal_bsp.a(altera_avalon_jtag_uart_fd.o)
                0x0100f92c                altera_avalon_jtag_uart_read_fd
                0x0100f984                altera_avalon_jtag_uart_write_fd
                0x0100f9dc                altera_avalon_jtag_uart_close_fd
                0x0100fa24                altera_avalon_jtag_uart_ioctl_fd
 .text          0x0100fa74      0x408 ../SuperMarioTanks_bsp/\libhal_bsp.a(altera_avalon_jtag_uart_init.o)
                0x0100fa74                altera_avalon_jtag_uart_init
                0x0100fe08                altera_avalon_jtag_uart_close
 .text          0x0100fe7c       0xf4 ../SuperMarioTanks_bsp/\libhal_bsp.a(altera_avalon_jtag_uart_ioctl.o)
                0x0100fe7c                altera_avalon_jtag_uart_ioctl
 .text          0x0100ff70      0x224 ../SuperMarioTanks_bsp/\libhal_bsp.a(altera_avalon_jtag_uart_read.o)
                0x0100ff70                altera_avalon_jtag_uart_read
 .text          0x01010194      0x240 ../SuperMarioTanks_bsp/\libhal_bsp.a(altera_avalon_jtag_uart_write.o)
                0x01010194                altera_avalon_jtag_uart_write
 .text          0x010103d4      0x530 ../SuperMarioTanks_bsp/\libhal_bsp.a(altera_up_avalon_character_lcd.o)
                0x010103d4                get_DDRAM_addr
                0x01010450                alt_up_character_lcd_send_cmd
                0x01010484                alt_up_character_lcd_init
                0x010104b8                alt_up_character_lcd_open_dev
                0x010104f8                alt_up_character_lcd_write
                0x01010570                alt_up_character_lcd_string
                0x010105e8                alt_up_character_lcd_write_fd
                0x01010634                alt_up_character_lcd_set_cursor_pos
                0x010106ac                alt_up_character_lcd_shift_cursor
                0x0101075c                alt_up_character_lcd_shift_display
                0x0101080c                alt_up_character_lcd_erase_pos
                0x0101089c                alt_up_character_lcd_cursor_off
                0x010108d0                alt_up_character_lcd_cursor_blink_on
 .text          0x01010904      0x700 ../SuperMarioTanks_bsp/\libhal_bsp.a(altera_up_avalon_ps2.o)
                0x01010904                read_RI_bit
                0x01010938                read_RE_bit
                0x01010968                read_CE_bit
                0x0101099c                read_num_bytes_available
                0x010109d0                read_data_valid
                0x01010a04                read_data_byte
                0x01010a30                alt_up_ps2_init
                0x01010afc                alt_up_ps2_enable_read_interrupt
                0x01010b50                alt_up_ps2_disable_read_interrupt
                0x01010ba8                alt_up_ps2_write_data_byte
                0x01010c20                alt_up_ps2_wait_for_ack
                0x01010c90                alt_up_ps2_write_data_byte_with_ack
                0x01010cfc                alt_up_ps2_read_data_byte_timeout
                0x01010dac                alt_up_ps2_read_data_byte
                0x01010e28                alt_up_ps2_clear_fifo
                0x01010e80                alt_up_ps2_read_fd
                0x01010f1c                alt_up_ps2_write_fd
                0x01010fc4                alt_up_ps2_open_dev
 .text          0x01011004      0x304 ../SuperMarioTanks_bsp/\libhal_bsp.a(altera_up_avalon_video_character_buffer_with_dma.o)
                0x01011004                alt_up_char_buffer_init
                0x01011088                alt_up_char_buffer_open_dev
                0x010110c8                alt_up_char_buffer_draw
                0x01011198                alt_up_char_buffer_string
                0x010112ac                alt_up_char_buffer_clear
 .text          0x01011308     0x156c ../SuperMarioTanks_bsp/\libhal_bsp.a(altera_up_avalon_video_pixel_buffer_dma.o)
                0x01011308                alt_up_pixel_buffer_dma_open_dev
                0x01011348                alt_up_pixel_buffer_dma_draw
                0x010114e8                alt_up_pixel_buffer_dma_change_back_buffer_address
                0x01011540                alt_up_pixel_buffer_dma_swap_buffers
                0x01011598                alt_up_pixel_buffer_dma_check_swap_buffers_status
                0x010115cc                alt_up_pixel_buffer_dma_clear_screen
                0x01011730                alt_up_pixel_buffer_dma_draw_box
                0x01011c24                alt_up_pixel_buffer_dma_draw_hline
                0x01011f74                alt_up_pixel_buffer_dma_draw_vline
                0x01012344                alt_up_pixel_buffer_dma_draw_rectangle
                0x01012408                helper_plot_pixel
                0x010124d8                alt_up_pixel_buffer_dma_draw_line
 .text          0x01012874      0x628 ../SuperMarioTanks_bsp/\libhal_bsp.a(altera_up_ps2_keyboard.o)
                0x01012874                get_multi_byte_make_code_index
                0x010128ec                get_single_byte_make_code_index
                0x01012964                get_next_state
                0x01012bc0                decode_scancode
                0x01012cb4                set_keyboard_rate
                0x01012d14                translate_make_code
                0x01012e1c                reset_keyboard
 .text          0x01012e9c     0x45b4 ../SuperMarioTanks_bsp/\libhal_bsp.a(altera_up_sd_card_avalon_interface.o)
                0x01012e9c                Write_Sector_Data
                0x01012f64                Save_Modified_Sector
                0x01012fb4                Read_Sector_Data
                0x010130b0                get_cluster_flag
                0x01013168                mark_cluster
                0x0101324c                Check_for_Master_Boot_Record
                0x010133fc                Read_File_Record_At_Offset
                0x01013680                Write_File_Record_At_Offset
                0x01013938                Check_for_DOS_FAT
                0x01013f78                Look_for_FAT16
                0x0101407c                filename_to_upper_case
                0x0101414c                check_file_name_for_FAT16_compliance
                0x010143dc                get_dir_divider_location
                0x0101449c                match_file_record_to_name_ext
                0x01014788                get_home_directory_cluster_for_file
                0x01014c9c                find_file_in_directory
                0x01015100                find_first_empty_cluster
                0x010152a4                find_first_empty_record_in_a_subdirectory
                0x010154f0                find_first_empty_record_in_root_directory
                0x0101561c                convert_filename_to_name_extension
                0x010157d4                create_file
                0x01015aa8                copy_file_record_name_to_string
                0x01015bfc                alt_up_sd_card_open_dev
                0x01015cc0                alt_up_sd_card_is_Present
                0x01015d88                alt_up_sd_card_is_FAT16
                0x01015dfc                alt_up_sd_card_find_first
                0x01015ed0                alt_up_sd_card_find_next
                0x01016280                alt_up_sd_card_fopen
                0x01016628                alt_up_sd_card_set_attributes
                0x010166b8                alt_up_sd_card_get_attributes
                0x01016744                alt_up_sd_card_read
                0x01016ad8                alt_up_sd_card_write
                0x010170f8                alt_up_sd_card_fclose
                0x010172c4                Read_Sector_Data_CRC
                0x010173c0                Read_Sector_Data_Attempt_CRC
 .text          0x01017450      0x154 ../SuperMarioTanks_bsp/\libhal_bsp.a(alt_alarm_start.o)
                0x01017450                alt_alarm_start
 .text          0x010175a4      0x12c ../SuperMarioTanks_bsp/\libhal_bsp.a(alt_busy_sleep.o)
                0x010175a4                alt_busy_sleep
 .text          0x010176d0       0x44 ../SuperMarioTanks_bsp/\libhal_bsp.a(alt_dcache_flush_all.o)
                0x010176d0                alt_dcache_flush_all
 .text          0x01017714      0x114 ../SuperMarioTanks_bsp/\libhal_bsp.a(alt_dev_llist_insert.o)
                0x01017714                alt_dev_llist_insert
 .text          0x01017828       0x64 ../SuperMarioTanks_bsp/\libhal_bsp.a(alt_do_ctors.o)
                0x01017828                _do_ctors
 .text          0x0101788c       0x64 ../SuperMarioTanks_bsp/\libhal_bsp.a(alt_do_dtors.o)
                0x0101788c                _do_dtors
 .text          0x010178f0       0x94 ../SuperMarioTanks_bsp/\libhal_bsp.a(alt_find_dev.o)
                0x010178f0                alt_find_dev
 .text          0x01017984       0x30 ../SuperMarioTanks_bsp/\libhal_bsp.a(alt_icache_flush_all.o)
                0x01017984                alt_icache_flush_all
 .text          0x010179b4      0x13c ../SuperMarioTanks_bsp/\libhal_bsp.a(alt_io_redirect.o)
                0x01017a78                alt_io_redirect
 .text          0x01017af0        0x0 ../SuperMarioTanks_bsp/\libhal_bsp.a(alt_irq_entry.o)
 .text          0x01017af0        0x0 ../SuperMarioTanks_bsp/\libhal_bsp.a(alt_irq_handler.o)
 .text          0x01017af0      0x2c4 ../SuperMarioTanks_bsp/\libhal_bsp.a(alt_open.o)
                0x01017bcc                open
 .text          0x01017db4      0x1a4 ../SuperMarioTanks_bsp/\libhal_bsp.a(alt_tick.o)
                0x01017db4                alt_alarm_stop
                0x01017e4c                alt_tick
 .text          0x01017f58       0x20 ../SuperMarioTanks_bsp/\libhal_bsp.a(altera_nios2_qsys_irq.o)
                0x01017f58                altera_nios2_qsys_irq_init
 .text          0x01017f78        0x0 ../SuperMarioTanks_bsp/\libhal_bsp.a(alt_exception_entry.o)
 .text          0x01017f78      0x120 ../SuperMarioTanks_bsp/\libhal_bsp.a(alt_find_file.o)
                0x01017f78                alt_find_file
 .text          0x01018098       0xb8 ../SuperMarioTanks_bsp/\libhal_bsp.a(alt_get_fd.o)
                0x01018098                alt_get_fd
 .text          0x01018150       0x90 ../SuperMarioTanks_bsp/\libhal_bsp.a(alt_icache_flush.o)
                0x01018150                alt_icache_flush
 .text          0x010181e0       0x14 c:/altera/12.0sp2/nios2eds/bin/gnu/h-i686-mingw32/bin/../lib/gcc/nios2-elf/4.1.2/../../../../nios2-elf/lib\libc.a(lib_a-atexit.o)
                0x010181e0                atexit
 .text          0x010181f4       0x38 c:/altera/12.0sp2/nios2eds/bin/gnu/h-i686-mingw32/bin/../lib/gcc/nios2-elf/4.1.2/../../../../nios2-elf/lib\libc.a(lib_a-exit.o)
                0x010181f4                exit
 .text          0x0101822c       0x74 c:/altera/12.0sp2/nios2eds/bin/gnu/h-i686-mingw32/bin/../lib/gcc/nios2-elf/4.1.2/../../../../nios2-elf/lib\libc.a(lib_a-memcmp.o)
                0x0101822c                memcmp
 .text          0x010182a0      0x134 c:/altera/12.0sp2/nios2eds/bin/gnu/h-i686-mingw32/bin/../lib/gcc/nios2-elf/4.1.2/../../../../nios2-elf/lib\libc.a(lib_a-__atexit.o)
                0x010182a0                __register_exitproc
 .text          0x010183d4      0x1b4 c:/altera/12.0sp2/nios2eds/bin/gnu/h-i686-mingw32/bin/../lib/gcc/nios2-elf/4.1.2/../../../../nios2-elf/lib\libc.a(lib_a-__call_atexit.o)
                0x010183d8                __call_exitprocs
 .text          0x01018588       0x60 ../SuperMarioTanks_bsp/\libhal_bsp.a(alt_exit.o)
                0x010185c8                _exit
 *(.gnu.warning.*)
 *(.fini)
                0x010185e8                PROVIDE (__etext, ABSOLUTE (.))
                0x010185e8                PROVIDE (_etext, ABSOLUTE (.))
                0x010185e8                PROVIDE (etext, ABSOLUTE (.))
 *(.eh_frame_hdr)
                0x010185e8                . = ALIGN (0x4)
                0x010185e8                PROVIDE (__preinit_array_start, ABSOLUTE (.))
 *(.preinit_array)
                0x010185e8                PROVIDE (__preinit_array_end, ABSOLUTE (.))
                0x010185e8                PROVIDE (__init_array_start, ABSOLUTE (.))
 *(.init_array)
                0x010185e8                PROVIDE (__init_array_end, ABSOLUTE (.))
                0x010185e8                PROVIDE (__fini_array_start, ABSOLUTE (.))
 *(.fini_array)
                0x010185e8                PROVIDE (__fini_array_end, ABSOLUTE (.))
 *(.eh_frame)
 .eh_frame      0x010185e8       0x40 c:/altera/12.0sp2/nios2eds/bin/gnu/h-i686-mingw32/bin/../lib/gcc/nios2-elf/4.1.2\libgcc.a(_udivdi3.o)
 .eh_frame      0x01018628       0x2c c:/altera/12.0sp2/nios2eds/bin/gnu/h-i686-mingw32/bin/../lib/gcc/nios2-elf/4.1.2\libgcc.a(_umoddi3.o)
                                 0x40 (size before relaxing)
 *(.gcc_except_table)
 *(.dynamic)
                0x01018654                PROVIDE (__CTOR_LIST__, ABSOLUTE (.))
 *(.ctors)
 *(SORT(.ctors.*))
 .ctors.65535   0x01018654        0x4 c:/altera/12.0sp2/nios2eds/bin/gnu/h-i686-mingw32/bin/../lib/gcc/nios2-elf/4.1.2/../../../../nios2-elf/lib\libc.a(lib_a-__call_atexit.o)
                0x01018658                PROVIDE (__CTOR_END__, ABSOLUTE (.))
                0x01018658                PROVIDE (__DTOR_LIST__, ABSOLUTE (.))
 *(.dtors)
 *(SORT(.dtors.*))
                0x01018658                PROVIDE (__DTOR_END__, ABSOLUTE (.))
 *(.jcr)
                0x01018658                . = ALIGN (0x4)

.rodata         0x01018658    0x9816c
                0x01018658                PROVIDE (__ram_rodata_start, ABSOLUTE (.))
                0x01018658                . = ALIGN (0x4)
 *(.rodata .rodata.* .gnu.linkonce.r.*)
 .rodata.str1.4
                0x01018658        0x3 obj/default/field.o
                                  0x4 (size before relaxing)
 *fill*         0x0101865b        0x1 00
 .rodata        0x0101865c    0x4b000 obj/default/field.o
 .rodata.str1.4
                0x0106365c      0x126 obj/default/menu.o
                                0x128 (size before relaxing)
 *fill*         0x01063782        0x2 00
 .rodata.str1.4
                0x01063784       0x3c obj/default/player.o
 .rodata.str1.4
                0x010637c0       0x52 obj/default/screen.o
                                 0x54 (size before relaxing)
 *fill*         0x01063812        0x2 00
 .rodata        0x01063814    0x4c690 obj/default/screen.o
 .rodata.str1.4
                0x010afea4       0x95 obj/default/sd_card.o
                                 0x9c (size before relaxing)
 *fill*         0x010aff39        0x3 00
 .rodata.str1.4
                0x010aff3c       0x8c obj/default/tanks.o
                                 0xa0 (size before relaxing)
 .rodata.str1.4
                0x010affc8        0x5 c:/altera/12.0sp2/nios2eds/bin/gnu/h-i686-mingw32/bin/../lib/gcc/nios2-elf/4.1.2/../../../../nios2-elf/lib\libm.a(lib_a-w_sqrt.o)
                                  0x8 (size before relaxing)
 *fill*         0x010affcd        0x3 00
 .rodata        0x010affd0      0x188 c:/altera/12.0sp2/nios2eds/bin/gnu/h-i686-mingw32/bin/../lib/gcc/nios2-elf/4.1.2/../../../../nios2-elf/lib\libm.a(lib_a-e_rem_pio2.o)
 .rodata        0x010b0158       0x50 c:/altera/12.0sp2/nios2eds/bin/gnu/h-i686-mingw32/bin/../lib/gcc/nios2-elf/4.1.2/../../../../nios2-elf/lib\libm.a(lib_a-k_rem_pio2.o)
 .rodata        0x010b01a8       0x14 c:/altera/12.0sp2/nios2eds/bin/gnu/h-i686-mingw32/bin/../lib/gcc/nios2-elf/4.1.2\libgcc.a(_thenan_df.o)
                0x010b01a8                __thenan_df
 .rodata        0x010b01bc      0x100 c:/altera/12.0sp2/nios2eds/bin/gnu/h-i686-mingw32/bin/../lib/gcc/nios2-elf/4.1.2\libgcc.a(_clz.o)
                0x010b01bc                __clz_tab
 .rodata.str1.4
                0x010b02bc        0x2 c:/altera/12.0sp2/nios2eds/bin/gnu/h-i686-mingw32/bin/../lib/gcc/nios2-elf/4.1.2/../../../../nios2-elf/lib\libc.a(lib_a-impure.o)
                                  0x4 (size before relaxing)
 .rodata.str1.4
                0x00000000        0x2 c:/altera/12.0sp2/nios2eds/bin/gnu/h-i686-mingw32/bin/../lib/gcc/nios2-elf/4.1.2/../../../../nios2-elf/lib\libc.a(lib_a-puts.o)
                                  0x4 (size before relaxing)
 *fill*         0x010b02be        0x2 00
 .rodata.str1.4
                0x010b02c0       0x5e c:/altera/12.0sp2/nios2eds/bin/gnu/h-i686-mingw32/bin/../lib/gcc/nios2-elf/4.1.2/../../../../nios2-elf/lib\libc.a(lib_a-vfprintf.o)
                                 0x60 (size before relaxing)
 .rodata        0x010b031e       0x20 c:/altera/12.0sp2/nios2eds/bin/gnu/h-i686-mingw32/bin/../lib/gcc/nios2-elf/4.1.2/../../../../nios2-elf/lib\libc.a(lib_a-vfprintf.o)
 *fill*         0x010b033e        0x2 00
 .rodata.str1.4
                0x010b0340       0x10 c:/altera/12.0sp2/nios2eds/bin/gnu/h-i686-mingw32/bin/../lib/gcc/nios2-elf/4.1.2/../../../../nios2-elf/lib\libc.a(lib_a-dtoa.o)
                                 0x14 (size before relaxing)
 .rodata.str1.4
                0x010b0350       0x10 c:/altera/12.0sp2/nios2eds/bin/gnu/h-i686-mingw32/bin/../lib/gcc/nios2-elf/4.1.2/../../../../nios2-elf/lib\libc.a(lib_a-locale.o)
                                 0x18 (size before relaxing)
 .rodata        0x010b0360       0x30 c:/altera/12.0sp2/nios2eds/bin/gnu/h-i686-mingw32/bin/../lib/gcc/nios2-elf/4.1.2/../../../../nios2-elf/lib\libc.a(lib_a-locale.o)
 .rodata        0x010b0390      0x124 c:/altera/12.0sp2/nios2eds/bin/gnu/h-i686-mingw32/bin/../lib/gcc/nios2-elf/4.1.2/../../../../nios2-elf/lib\libc.a(lib_a-mprec.o)
                0x010b0390                __mprec_tens
                0x010b0458                __mprec_bigtens
                0x010b0480                __mprec_tinytens
 .rodata        0x010b04b4        0xc ../SuperMarioTanks_bsp/\libhal_bsp.a(alt_dev.o)
 .rodata        0x010b04c0       0x10 ../SuperMarioTanks_bsp/\libhal_bsp.a(alt_main.o)
 .rodata        0x010b04d0       0x9c ../SuperMarioTanks_bsp/\libhal_bsp.a(alt_sys_init.o)
 .rodata        0x010b056c       0x1c ../SuperMarioTanks_bsp/\libhal_bsp.a(altera_up_avalon_video_character_buffer_with_dma.o)
 .rodata        0x010b0588      0x23c ../SuperMarioTanks_bsp/\libhal_bsp.a(altera_up_ps2_keyboard.o)
 *(.rodata1)
                0x010b07c4                . = ALIGN (0x4)
                0x010b07c4                PROVIDE (__ram_rodata_end, ABSOLUTE (.))
                0x01018658                PROVIDE (__flash_rodata_start, LOADADDR (.rodata))

.rwdata         0x010b07c4     0x1e8c load address 0x010b2650
                0x010b07c4                PROVIDE (__ram_rwdata_start, ABSOLUTE (.))
                0x010b07c4                . = ALIGN (0x4)
 *(.got.plt)
 *(.got)
 *(.data1)
 *(.data .data.* .gnu.linkonce.d.*)
 .data          0x010b07c4        0x0 ../SuperMarioTanks_bsp//obj/HAL/src/crt0.o
 .data          0x010b07c4        0x0 obj/default/field.o
 .data          0x010b07c4        0x0 obj/default/keyboard.o
 .data          0x010b07c4        0x0 obj/default/menu.o
 .data          0x010b07c4        0x0 obj/default/player.o
 .data          0x010b07c4        0x0 obj/default/screen.o
 .data          0x010b07c4        0x0 obj/default/sd_card.o
 .data          0x010b07c4        0x0 obj/default/tanks.o
 .data          0x010b07c4        0x0 c:/altera/12.0sp2/nios2eds/bin/gnu/h-i686-mingw32/bin/../lib/gcc/nios2-elf/4.1.2/../../../../nios2-elf/lib\libm.a(lib_a-s_cos.o)
 .data          0x010b07c4        0x0 c:/altera/12.0sp2/nios2eds/bin/gnu/h-i686-mingw32/bin/../lib/gcc/nios2-elf/4.1.2/../../../../nios2-elf/lib\libm.a(lib_a-s_sin.o)
 .data          0x010b07c4        0x0 c:/altera/12.0sp2/nios2eds/bin/gnu/h-i686-mingw32/bin/../lib/gcc/nios2-elf/4.1.2/../../../../nios2-elf/lib\libm.a(lib_a-w_sqrt.o)
 .data          0x010b07c4        0x0 c:/altera/12.0sp2/nios2eds/bin/gnu/h-i686-mingw32/bin/../lib/gcc/nios2-elf/4.1.2/../../../../nios2-elf/lib\libm.a(lib_a-e_rem_pio2.o)
 .data          0x010b07c4        0x0 c:/altera/12.0sp2/nios2eds/bin/gnu/h-i686-mingw32/bin/../lib/gcc/nios2-elf/4.1.2/../../../../nios2-elf/lib\libm.a(lib_a-e_sqrt.o)
 .data          0x010b07c4        0x0 c:/altera/12.0sp2/nios2eds/bin/gnu/h-i686-mingw32/bin/../lib/gcc/nios2-elf/4.1.2/../../../../nios2-elf/lib\libm.a(lib_a-k_cos.o)
 .data          0x010b07c4        0x0 c:/altera/12.0sp2/nios2eds/bin/gnu/h-i686-mingw32/bin/../lib/gcc/nios2-elf/4.1.2/../../../../nios2-elf/lib\libm.a(lib_a-k_rem_pio2.o)
 .data          0x010b07c4        0x0 c:/altera/12.0sp2/nios2eds/bin/gnu/h-i686-mingw32/bin/../lib/gcc/nios2-elf/4.1.2/../../../../nios2-elf/lib\libm.a(lib_a-k_sin.o)
 .data          0x010b07c4        0x0 c:/altera/12.0sp2/nios2eds/bin/gnu/h-i686-mingw32/bin/../lib/gcc/nios2-elf/4.1.2/../../../../nios2-elf/lib\libm.a(lib_a-s_fabs.o)
 .data          0x010b07c4        0x0 c:/altera/12.0sp2/nios2eds/bin/gnu/h-i686-mingw32/bin/../lib/gcc/nios2-elf/4.1.2/../../../../nios2-elf/lib\libm.a(lib_a-s_floor.o)
 .data          0x010b07c4        0x0 c:/altera/12.0sp2/nios2eds/bin/gnu/h-i686-mingw32/bin/../lib/gcc/nios2-elf/4.1.2/../../../../nios2-elf/lib\libm.a(lib_a-s_isnand.o)
 .data          0x010b07c4        0x0 c:/altera/12.0sp2/nios2eds/bin/gnu/h-i686-mingw32/bin/../lib/gcc/nios2-elf/4.1.2/../../../../nios2-elf/lib\libm.a(lib_a-s_lib_ver.o)
 .data          0x010b07c4        0x0 c:/altera/12.0sp2/nios2eds/bin/gnu/h-i686-mingw32/bin/../lib/gcc/nios2-elf/4.1.2/../../../../nios2-elf/lib\libm.a(lib_a-s_matherr.o)
 .data          0x010b07c4        0x0 c:/altera/12.0sp2/nios2eds/bin/gnu/h-i686-mingw32/bin/../lib/gcc/nios2-elf/4.1.2/../../../../nios2-elf/lib\libm.a(lib_a-s_scalbn.o)
 .data          0x010b07c4        0x0 c:/altera/12.0sp2/nios2eds/bin/gnu/h-i686-mingw32/bin/../lib/gcc/nios2-elf/4.1.2/../../../../nios2-elf/lib\libm.a(lib_a-s_copysign.o)
 .data          0x010b07c4        0x0 c:/altera/12.0sp2/nios2eds/bin/gnu/h-i686-mingw32/bin/../lib/gcc/nios2-elf/4.1.2\libgcc.a(_addsub_df.o)
 .data          0x010b07c4        0x0 c:/altera/12.0sp2/nios2eds/bin/gnu/h-i686-mingw32/bin/../lib/gcc/nios2-elf/4.1.2\libgcc.a(_mul_df.o)
 .data          0x010b07c4        0x0 c:/altera/12.0sp2/nios2eds/bin/gnu/h-i686-mingw32/bin/../lib/gcc/nios2-elf/4.1.2\libgcc.a(_div_df.o)
 .data          0x010b07c4        0x0 c:/altera/12.0sp2/nios2eds/bin/gnu/h-i686-mingw32/bin/../lib/gcc/nios2-elf/4.1.2\libgcc.a(_eq_df.o)
 .data          0x010b07c4        0x0 c:/altera/12.0sp2/nios2eds/bin/gnu/h-i686-mingw32/bin/../lib/gcc/nios2-elf/4.1.2\libgcc.a(_gt_df.o)
 .data          0x010b07c4        0x0 c:/altera/12.0sp2/nios2eds/bin/gnu/h-i686-mingw32/bin/../lib/gcc/nios2-elf/4.1.2\libgcc.a(_ge_df.o)
 .data          0x010b07c4        0x0 c:/altera/12.0sp2/nios2eds/bin/gnu/h-i686-mingw32/bin/../lib/gcc/nios2-elf/4.1.2\libgcc.a(_lt_df.o)
 .data          0x010b07c4        0x0 c:/altera/12.0sp2/nios2eds/bin/gnu/h-i686-mingw32/bin/../lib/gcc/nios2-elf/4.1.2\libgcc.a(_si_to_df.o)
 .data          0x010b07c4        0x0 c:/altera/12.0sp2/nios2eds/bin/gnu/h-i686-mingw32/bin/../lib/gcc/nios2-elf/4.1.2\libgcc.a(_df_to_si.o)
 .data          0x010b07c4        0x0 c:/altera/12.0sp2/nios2eds/bin/gnu/h-i686-mingw32/bin/../lib/gcc/nios2-elf/4.1.2\libgcc.a(_thenan_df.o)
 .data          0x010b07c4        0x0 c:/altera/12.0sp2/nios2eds/bin/gnu/h-i686-mingw32/bin/../lib/gcc/nios2-elf/4.1.2\libgcc.a(lib2-divmod.o)
 .data          0x010b07c4        0x0 c:/altera/12.0sp2/nios2eds/bin/gnu/h-i686-mingw32/bin/../lib/gcc/nios2-elf/4.1.2\libgcc.a(_muldi3.o)
 .data          0x010b07c4        0x0 c:/altera/12.0sp2/nios2eds/bin/gnu/h-i686-mingw32/bin/../lib/gcc/nios2-elf/4.1.2\libgcc.a(_clzsi2.o)
 .data          0x010b07c4        0x0 c:/altera/12.0sp2/nios2eds/bin/gnu/h-i686-mingw32/bin/../lib/gcc/nios2-elf/4.1.2\libgcc.a(_pack_df.o)
 .data          0x010b07c4        0x0 c:/altera/12.0sp2/nios2eds/bin/gnu/h-i686-mingw32/bin/../lib/gcc/nios2-elf/4.1.2\libgcc.a(_unpack_df.o)
 .data          0x010b07c4        0x0 c:/altera/12.0sp2/nios2eds/bin/gnu/h-i686-mingw32/bin/../lib/gcc/nios2-elf/4.1.2\libgcc.a(_fpcmp_parts_df.o)
 .data          0x010b07c4        0x0 c:/altera/12.0sp2/nios2eds/bin/gnu/h-i686-mingw32/bin/../lib/gcc/nios2-elf/4.1.2\libgcc.a(_clz.o)
 .data          0x010b07c4        0x0 c:/altera/12.0sp2/nios2eds/bin/gnu/h-i686-mingw32/bin/../lib/gcc/nios2-elf/4.1.2/../../../../nios2-elf/lib\libc.a(lib_a-errno.o)
 .data          0x010b07c4      0x400 c:/altera/12.0sp2/nios2eds/bin/gnu/h-i686-mingw32/bin/../lib/gcc/nios2-elf/4.1.2/../../../../nios2-elf/lib\libc.a(lib_a-impure.o)
 .data          0x010b0bc4        0x0 c:/altera/12.0sp2/nios2eds/bin/gnu/h-i686-mingw32/bin/../lib/gcc/nios2-elf/4.1.2/../../../../nios2-elf/lib\libc.a(lib_a-printf.o)
 .data          0x010b0bc4        0x0 c:/altera/12.0sp2/nios2eds/bin/gnu/h-i686-mingw32/bin/../lib/gcc/nios2-elf/4.1.2/../../../../nios2-elf/lib\libc.a(lib_a-puts.o)
 .data          0x010b0bc4        0x0 c:/altera/12.0sp2/nios2eds/bin/gnu/h-i686-mingw32/bin/../lib/gcc/nios2-elf/4.1.2/../../../../nios2-elf/lib\libc.a(lib_a-snprintf.o)
 .data          0x010b0bc4        0x0 c:/altera/12.0sp2/nios2eds/bin/gnu/h-i686-mingw32/bin/../lib/gcc/nios2-elf/4.1.2/../../../../nios2-elf/lib\libc.a(lib_a-strcpy.o)
 .data          0x010b0bc4        0x0 c:/altera/12.0sp2/nios2eds/bin/gnu/h-i686-mingw32/bin/../lib/gcc/nios2-elf/4.1.2/../../../../nios2-elf/lib\libc.a(lib_a-strlen.o)
 .data          0x010b0bc4        0x0 c:/altera/12.0sp2/nios2eds/bin/gnu/h-i686-mingw32/bin/../lib/gcc/nios2-elf/4.1.2/../../../../nios2-elf/lib\libc.a(lib_a-vfprintf.o)
 .data          0x010b0bc4        0x0 c:/altera/12.0sp2/nios2eds/bin/gnu/h-i686-mingw32/bin/../lib/gcc/nios2-elf/4.1.2/../../../../nios2-elf/lib\libc.a(lib_a-wsetup.o)
 .data          0x010b0bc4        0x0 c:/altera/12.0sp2/nios2eds/bin/gnu/h-i686-mingw32/bin/../lib/gcc/nios2-elf/4.1.2/../../../../nios2-elf/lib\libc.a(lib_a-dtoa.o)
 .data          0x010b0bc4        0x0 c:/altera/12.0sp2/nios2eds/bin/gnu/h-i686-mingw32/bin/../lib/gcc/nios2-elf/4.1.2/../../../../nios2-elf/lib\libc.a(lib_a-fflush.o)
 .data          0x010b0bc4        0x0 c:/altera/12.0sp2/nios2eds/bin/gnu/h-i686-mingw32/bin/../lib/gcc/nios2-elf/4.1.2/../../../../nios2-elf/lib\libc.a(lib_a-findfp.o)
 .data          0x010b0bc4        0x0 c:/altera/12.0sp2/nios2eds/bin/gnu/h-i686-mingw32/bin/../lib/gcc/nios2-elf/4.1.2/../../../../nios2-elf/lib\libc.a(lib_a-freer.o)
 .data          0x010b0bc4        0x0 c:/altera/12.0sp2/nios2eds/bin/gnu/h-i686-mingw32/bin/../lib/gcc/nios2-elf/4.1.2/../../../../nios2-elf/lib\libc.a(lib_a-fvwrite.o)
 .data          0x010b0bc4        0x0 c:/altera/12.0sp2/nios2eds/bin/gnu/h-i686-mingw32/bin/../lib/gcc/nios2-elf/4.1.2/../../../../nios2-elf/lib\libc.a(lib_a-fwalk.o)
 .data          0x010b0bc4        0xc c:/altera/12.0sp2/nios2eds/bin/gnu/h-i686-mingw32/bin/../lib/gcc/nios2-elf/4.1.2/../../../../nios2-elf/lib\libc.a(lib_a-locale.o)
                0x010b0bc4                __lc_ctype
 .data          0x010b0bd0        0x0 c:/altera/12.0sp2/nios2eds/bin/gnu/h-i686-mingw32/bin/../lib/gcc/nios2-elf/4.1.2/../../../../nios2-elf/lib\libc.a(lib_a-makebuf.o)
 .data          0x010b0bd0      0x408 c:/altera/12.0sp2/nios2eds/bin/gnu/h-i686-mingw32/bin/../lib/gcc/nios2-elf/4.1.2/../../../../nios2-elf/lib\libc.a(lib_a-mallocr.o)
                0x010b0bd0                __malloc_av_
 .data          0x010b0fd8        0x0 c:/altera/12.0sp2/nios2eds/bin/gnu/h-i686-mingw32/bin/../lib/gcc/nios2-elf/4.1.2/../../../../nios2-elf/lib\libc.a(lib_a-memchr.o)
 .data          0x010b0fd8        0x0 c:/altera/12.0sp2/nios2eds/bin/gnu/h-i686-mingw32/bin/../lib/gcc/nios2-elf/4.1.2/../../../../nios2-elf/lib\libc.a(lib_a-memcpy.o)
 .data          0x010b0fd8        0x0 c:/altera/12.0sp2/nios2eds/bin/gnu/h-i686-mingw32/bin/../lib/gcc/nios2-elf/4.1.2/../../../../nios2-elf/lib\libc.a(lib_a-memmove.o)
 .data          0x010b0fd8        0x0 c:/altera/12.0sp2/nios2eds/bin/gnu/h-i686-mingw32/bin/../lib/gcc/nios2-elf/4.1.2/../../../../nios2-elf/lib\libc.a(lib_a-memset.o)
 .data          0x010b0fd8        0x0 c:/altera/12.0sp2/nios2eds/bin/gnu/h-i686-mingw32/bin/../lib/gcc/nios2-elf/4.1.2/../../../../nios2-elf/lib\libc.a(lib_a-mprec.o)
 .data          0x010b0fd8        0x0 c:/altera/12.0sp2/nios2eds/bin/gnu/h-i686-mingw32/bin/../lib/gcc/nios2-elf/4.1.2/../../../../nios2-elf/lib\libc.a(lib_a-reallocr.o)
 .data          0x010b0fd8        0x0 c:/altera/12.0sp2/nios2eds/bin/gnu/h-i686-mingw32/bin/../lib/gcc/nios2-elf/4.1.2/../../../../nios2-elf/lib\libc.a(lib_a-s_isinfd.o)
 .data          0x010b0fd8        0x0 c:/altera/12.0sp2/nios2eds/bin/gnu/h-i686-mingw32/bin/../lib/gcc/nios2-elf/4.1.2/../../../../nios2-elf/lib\libc.a(lib_a-sbrkr.o)
 .data          0x010b0fd8        0x0 c:/altera/12.0sp2/nios2eds/bin/gnu/h-i686-mingw32/bin/../lib/gcc/nios2-elf/4.1.2/../../../../nios2-elf/lib\libc.a(lib_a-stdio.o)
 .data          0x010b0fd8        0x0 c:/altera/12.0sp2/nios2eds/bin/gnu/h-i686-mingw32/bin/../lib/gcc/nios2-elf/4.1.2/../../../../nios2-elf/lib\libc.a(lib_a-strcmp.o)
 .data          0x010b0fd8        0x0 c:/altera/12.0sp2/nios2eds/bin/gnu/h-i686-mingw32/bin/../lib/gcc/nios2-elf/4.1.2/../../../../nios2-elf/lib\libc.a(lib_a-writer.o)
 .data          0x010b0fd8        0x0 c:/altera/12.0sp2/nios2eds/bin/gnu/h-i686-mingw32/bin/../lib/gcc/nios2-elf/4.1.2/../../../../nios2-elf/lib\libc.a(lib_a-callocr.o)
 .data          0x010b0fd8        0x0 c:/altera/12.0sp2/nios2eds/bin/gnu/h-i686-mingw32/bin/../lib/gcc/nios2-elf/4.1.2/../../../../nios2-elf/lib\libc.a(lib_a-closer.o)
 .data          0x010b0fd8        0x0 c:/altera/12.0sp2/nios2eds/bin/gnu/h-i686-mingw32/bin/../lib/gcc/nios2-elf/4.1.2/../../../../nios2-elf/lib\libc.a(lib_a-fclose.o)
 .data          0x010b0fd8        0x0 c:/altera/12.0sp2/nios2eds/bin/gnu/h-i686-mingw32/bin/../lib/gcc/nios2-elf/4.1.2/../../../../nios2-elf/lib\libc.a(lib_a-fstatr.o)
 .data          0x010b0fd8        0x0 c:/altera/12.0sp2/nios2eds/bin/gnu/h-i686-mingw32/bin/../lib/gcc/nios2-elf/4.1.2/../../../../nios2-elf/lib\libc.a(lib_a-int_errno.o)
 .data          0x010b0fd8        0x0 c:/altera/12.0sp2/nios2eds/bin/gnu/h-i686-mingw32/bin/../lib/gcc/nios2-elf/4.1.2/../../../../nios2-elf/lib\libc.a(lib_a-isattyr.o)
 .data          0x010b0fd8        0x0 c:/altera/12.0sp2/nios2eds/bin/gnu/h-i686-mingw32/bin/../lib/gcc/nios2-elf/4.1.2/../../../../nios2-elf/lib\libc.a(lib_a-lseekr.o)
 .data          0x010b0fd8        0x0 c:/altera/12.0sp2/nios2eds/bin/gnu/h-i686-mingw32/bin/../lib/gcc/nios2-elf/4.1.2/../../../../nios2-elf/lib\libc.a(lib_a-readr.o)
 .data          0x010b0fd8        0x0 c:/altera/12.0sp2/nios2eds/bin/gnu/h-i686-mingw32/bin/../lib/gcc/nios2-elf/4.1.2\libgcc.a(_udivdi3.o)
 .data          0x010b0fd8        0x0 c:/altera/12.0sp2/nios2eds/bin/gnu/h-i686-mingw32/bin/../lib/gcc/nios2-elf/4.1.2\libgcc.a(_umoddi3.o)
 .data          0x010b0fd8        0x0 c:/altera/12.0sp2/nios2eds/bin/gnu/h-i686-mingw32/bin/../lib/gcc/nios2-elf/4.1.2\libgcc.a(_ne_df.o)
 .data          0x010b0fd8        0x0 c:/altera/12.0sp2/nios2eds/bin/gnu/h-i686-mingw32/bin/../lib/gcc/nios2-elf/4.1.2\libgcc.a(_usi_to_df.o)
 .data          0x010b0fd8        0x0 ../SuperMarioTanks_bsp/\libhal_bsp.a(alt_close.o)
 .data          0x010b0fd8      0x1a8 ../SuperMarioTanks_bsp/\libhal_bsp.a(alt_dev.o)
                0x010b0fd8                alt_dev_null
                0x010b1000                alt_fd_list
 .data          0x010b1180        0x0 ../SuperMarioTanks_bsp/\libhal_bsp.a(alt_errno.o)
 .data          0x010b1180        0x0 ../SuperMarioTanks_bsp/\libhal_bsp.a(alt_fstat.o)
 .data          0x010b1180        0x0 ../SuperMarioTanks_bsp/\libhal_bsp.a(alt_irq_register.o)
 .data          0x010b1180        0x0 ../SuperMarioTanks_bsp/\libhal_bsp.a(alt_irq_vars.o)
 .data          0x010b1180        0x0 ../SuperMarioTanks_bsp/\libhal_bsp.a(alt_isatty.o)
 .data          0x010b1180        0x0 ../SuperMarioTanks_bsp/\libhal_bsp.a(alt_load.o)
 .data          0x010b1180        0x0 ../SuperMarioTanks_bsp/\libhal_bsp.a(alt_lseek.o)
 .data          0x010b1180        0x0 ../SuperMarioTanks_bsp/\libhal_bsp.a(alt_main.o)
 .data          0x010b1180        0x0 ../SuperMarioTanks_bsp/\libhal_bsp.a(alt_malloc_lock.o)
 .data          0x010b1180        0x0 ../SuperMarioTanks_bsp/\libhal_bsp.a(alt_read.o)
 .data          0x010b1180        0x0 ../SuperMarioTanks_bsp/\libhal_bsp.a(alt_release_fd.o)
 .data          0x010b1180        0x0 ../SuperMarioTanks_bsp/\libhal_bsp.a(alt_sbrk.o)
 .data          0x010b1180        0x0 ../SuperMarioTanks_bsp/\libhal_bsp.a(alt_usleep.o)
 .data          0x010b1180        0x0 ../SuperMarioTanks_bsp/\libhal_bsp.a(alt_write.o)
 .data          0x010b1180     0x11b8 ../SuperMarioTanks_bsp/\libhal_bsp.a(alt_sys_init.o)
 .data          0x010b2338        0x0 ../SuperMarioTanks_bsp/\libhal_bsp.a(altera_avalon_jtag_uart_fd.o)
 .data          0x010b2338        0x0 ../SuperMarioTanks_bsp/\libhal_bsp.a(altera_avalon_jtag_uart_init.o)
 .data          0x010b2338        0x0 ../SuperMarioTanks_bsp/\libhal_bsp.a(altera_avalon_jtag_uart_ioctl.o)
 .data          0x010b2338        0x0 ../SuperMarioTanks_bsp/\libhal_bsp.a(altera_avalon_jtag_uart_read.o)
 .data          0x010b2338        0x0 ../SuperMarioTanks_bsp/\libhal_bsp.a(altera_avalon_jtag_uart_write.o)
 .data          0x010b2338        0x0 ../SuperMarioTanks_bsp/\libhal_bsp.a(altera_up_avalon_character_lcd.o)
 .data          0x010b2338        0x0 ../SuperMarioTanks_bsp/\libhal_bsp.a(altera_up_avalon_ps2.o)
 .data          0x010b2338        0x0 ../SuperMarioTanks_bsp/\libhal_bsp.a(altera_up_avalon_video_character_buffer_with_dma.o)
 .data          0x010b2338        0x0 ../SuperMarioTanks_bsp/\libhal_bsp.a(altera_up_avalon_video_pixel_buffer_dma.o)
 .data          0x010b2338      0x2cc ../SuperMarioTanks_bsp/\libhal_bsp.a(altera_up_ps2_keyboard.o)
                0x010b2338                key_table
                0x010b24d0                ascii_codes
                0x010b2536                single_byte_make_code
                0x010b259c                multi_byte_make_code
 .data          0x010b2604        0x0 ../SuperMarioTanks_bsp/\libhal_bsp.a(altera_up_sd_card_avalon_interface.o)
 .data          0x010b2604        0x0 ../SuperMarioTanks_bsp/\libhal_bsp.a(alt_alarm_start.o)
 .data          0x010b2604        0x0 ../SuperMarioTanks_bsp/\libhal_bsp.a(alt_busy_sleep.o)
 .data          0x010b2604        0x0 ../SuperMarioTanks_bsp/\libhal_bsp.a(alt_dcache_flush_all.o)
 .data          0x010b2604        0x0 ../SuperMarioTanks_bsp/\libhal_bsp.a(alt_dev_llist_insert.o)
 .data          0x010b2604        0x0 ../SuperMarioTanks_bsp/\libhal_bsp.a(alt_do_ctors.o)
 .data          0x010b2604        0x0 ../SuperMarioTanks_bsp/\libhal_bsp.a(alt_do_dtors.o)
 .data          0x010b2604        0x0 ../SuperMarioTanks_bsp/\libhal_bsp.a(alt_find_dev.o)
 .data          0x010b2604        0x0 ../SuperMarioTanks_bsp/\libhal_bsp.a(alt_icache_flush_all.o)
 .data          0x010b2604        0x0 ../SuperMarioTanks_bsp/\libhal_bsp.a(alt_io_redirect.o)
 .data          0x010b2604        0x0 ../SuperMarioTanks_bsp/\libhal_bsp.a(alt_irq_entry.o)
 .data          0x010b2604        0x0 ../SuperMarioTanks_bsp/\libhal_bsp.a(alt_irq_handler.o)
 .data          0x010b2604        0x0 ../SuperMarioTanks_bsp/\libhal_bsp.a(alt_open.o)
 .data          0x010b2604        0x0 ../SuperMarioTanks_bsp/\libhal_bsp.a(alt_tick.o)
 .data          0x010b2604        0x0 ../SuperMarioTanks_bsp/\libhal_bsp.a(altera_nios2_qsys_irq.o)
 .data          0x010b2604        0x0 ../SuperMarioTanks_bsp/\libhal_bsp.a(alt_exception_entry.o)
 .data          0x010b2604        0x0 ../SuperMarioTanks_bsp/\libhal_bsp.a(alt_find_file.o)
 .data          0x010b2604        0x0 ../SuperMarioTanks_bsp/\libhal_bsp.a(alt_get_fd.o)
 .data          0x010b2604        0x0 ../SuperMarioTanks_bsp/\libhal_bsp.a(alt_icache_flush.o)
 .data          0x010b2604        0x0 c:/altera/12.0sp2/nios2eds/bin/gnu/h-i686-mingw32/bin/../lib/gcc/nios2-elf/4.1.2/../../../../nios2-elf/lib\libc.a(lib_a-atexit.o)
 .data          0x010b2604        0x0 c:/altera/12.0sp2/nios2eds/bin/gnu/h-i686-mingw32/bin/../lib/gcc/nios2-elf/4.1.2/../../../../nios2-elf/lib\libc.a(lib_a-exit.o)
 .data          0x010b2604        0x0 c:/altera/12.0sp2/nios2eds/bin/gnu/h-i686-mingw32/bin/../lib/gcc/nios2-elf/4.1.2/../../../../nios2-elf/lib\libc.a(lib_a-memcmp.o)
 .data          0x010b2604        0x0 c:/altera/12.0sp2/nios2eds/bin/gnu/h-i686-mingw32/bin/../lib/gcc/nios2-elf/4.1.2/../../../../nios2-elf/lib\libc.a(lib_a-__atexit.o)
 .data          0x010b2604        0x0 c:/altera/12.0sp2/nios2eds/bin/gnu/h-i686-mingw32/bin/../lib/gcc/nios2-elf/4.1.2/../../../../nios2-elf/lib\libc.a(lib_a-__call_atexit.o)
 .data          0x010b2604        0x0 ../SuperMarioTanks_bsp/\libhal_bsp.a(alt_exit.o)
                0x010ba604                _gp = ABSOLUTE ((. + 0x8000))
                0x010ba604                PROVIDE (gp, _gp)
 *(.rwdata .rwdata.*)
 *(.sdata .sdata.* .gnu.linkonce.s.*)
 .sdata         0x010b2604        0x8 obj/default/tanks.o
                0x010b2604                numPlayers
                0x010b2608                num_of_players
 .sdata         0x010b260c        0x4 c:/altera/12.0sp2/nios2eds/bin/gnu/h-i686-mingw32/bin/../lib/gcc/nios2-elf/4.1.2/../../../../nios2-elf/lib\libm.a(lib_a-s_lib_ver.o)
                0x010b260c                __fdlib_version
 .sdata         0x010b2610        0x8 c:/altera/12.0sp2/nios2eds/bin/gnu/h-i686-mingw32/bin/../lib/gcc/nios2-elf/4.1.2/../../../../nios2-elf/lib\libc.a(lib_a-impure.o)
                0x010b2610                _impure_ptr
                0x010b2614                _global_impure_ptr
 .sdata         0x010b2618        0x8 c:/altera/12.0sp2/nios2eds/bin/gnu/h-i686-mingw32/bin/../lib/gcc/nios2-elf/4.1.2/../../../../nios2-elf/lib\libc.a(lib_a-locale.o)
                0x010b2618                __mb_cur_max
 .sdata         0x010b2620        0x8 c:/altera/12.0sp2/nios2eds/bin/gnu/h-i686-mingw32/bin/../lib/gcc/nios2-elf/4.1.2/../../../../nios2-elf/lib\libc.a(lib_a-mallocr.o)
                0x010b2620                __malloc_trim_threshold
                0x010b2624                __malloc_sbrk_base
 .sdata         0x010b2628       0x14 ../SuperMarioTanks_bsp/\libhal_bsp.a(alt_dev.o)
                0x010b2628                alt_fs_list
                0x010b2630                alt_dev_list
                0x010b2638                alt_max_fd
 .sdata         0x010b263c        0x4 ../SuperMarioTanks_bsp/\libhal_bsp.a(alt_errno.o)
                0x010b263c                alt_errno
 .sdata         0x010b2640        0x4 ../SuperMarioTanks_bsp/\libhal_bsp.a(alt_irq_vars.o)
                0x010b2640                alt_priority_mask
 .sdata         0x010b2644        0x4 ../SuperMarioTanks_bsp/\libhal_bsp.a(alt_sbrk.o)
 .sdata         0x010b2648        0x8 ../SuperMarioTanks_bsp/\libhal_bsp.a(alt_tick.o)
                0x010b2648                alt_alarm_list
 *(.sdata2 .sdata2.* .gnu.linkonce.s2.*)
                0x010b2650                . = ALIGN (0x4)
                0x010b2650                _edata = ABSOLUTE (.)
                0x010b2650                PROVIDE (edata, ABSOLUTE (.))
                0x010b2650                PROVIDE (__ram_rwdata_end, ABSOLUTE (.))
                0x010b2650                PROVIDE (__flash_rwdata_start, LOADADDR (.rwdata))

.bss            0x010b44dc    0x4be68
                0x010b44dc                __bss_start = ABSOLUTE (.)
                0x010b44dc                PROVIDE (__sbss_start, ABSOLUTE (.))
                0x010b44dc                PROVIDE (___sbss_start, ABSOLUTE (.))
 *(.dynsbss)
 *(.sbss .sbss.* .gnu.linkonce.sb.*)
 .sbss          0x010b44dc        0x4 obj/default/screen.o
                0x010b44dc                i
 .sbss          0x010b44e0        0x8 obj/default/screen.o
                0x010b44e0                char_buffer
                0x010b44e4                pixel_buffer
 .sbss          0x010b44e8       0x2c obj/default/tanks.o
                0x010b44e8                turn
                0x010b44ec                state
                0x010b44f0                count
                0x010b44f4                display_string
                0x010b44f8                playersconfig
                0x010b44fc                decode_mode
                0x010b4500                ps2
                0x010b4504                playertype
                0x010b4508                ascii
                0x010b4509                buf
                0x010b4510                playercolor
 .sbss          0x010b4514        0xc c:/altera/12.0sp2/nios2eds/bin/gnu/h-i686-mingw32/bin/../lib/gcc/nios2-elf/4.1.2/../../../../nios2-elf/lib\libc.a(lib_a-locale.o)
                0x010b4514                __nlocale_changed
                0x010b4518                __mlocale_changed
                0x010b451c                _PathLocale
 .sbss          0x010b4520        0xc c:/altera/12.0sp2/nios2eds/bin/gnu/h-i686-mingw32/bin/../lib/gcc/nios2-elf/4.1.2/../../../../nios2-elf/lib\libc.a(lib_a-mallocr.o)
                0x010b4520                __malloc_top_pad
                0x010b4524                __malloc_max_sbrked_mem
                0x010b4528                __malloc_max_total_mem
 .sbss          0x010b452c        0x4 c:/altera/12.0sp2/nios2eds/bin/gnu/h-i686-mingw32/bin/../lib/gcc/nios2-elf/4.1.2/../../../../nios2-elf/lib\libc.a(lib_a-int_errno.o)
                0x010b452c                errno
 .sbss          0x010b4530        0x4 ../SuperMarioTanks_bsp/\libhal_bsp.a(alt_irq_vars.o)
                0x010b4530                alt_irq_active
 .sbss          0x010b4534        0xc ../SuperMarioTanks_bsp/\libhal_bsp.a(alt_main.o)
                0x010b4534                alt_argc
                0x010b4538                alt_argv
                0x010b453c                alt_envp
 .sbss          0x010b4540       0x34 ../SuperMarioTanks_bsp/\libhal_bsp.a(altera_up_sd_card_avalon_interface.o)
                0x010b4540                initialized
                0x010b4544                is_sd_card_formated_as_FAT16
                0x010b4548                aux_status_register
                0x010b454c                status_register
                0x010b4550                CSD_register_w0
                0x010b4554                command_register
                0x010b4558                command_argument_register
                0x010b455c                buffer_memory
                0x010b4560                fat_partition_offset_in_512_byte_sectors
                0x010b4564                fat_partition_size_in_512_byte_sectors
                0x010b4568                device_pointer
                0x010b456c                current_sector_modified
                0x010b4570                current_sector_index
 .sbss          0x010b4574        0x8 ../SuperMarioTanks_bsp/\libhal_bsp.a(alt_tick.o)
                0x010b4574                _alt_tick_rate
                0x010b4578                _alt_nticks
 *(.sbss2 .sbss2.* .gnu.linkonce.sb2.*)
 *(.scommon)
                0x010b457c                PROVIDE (__sbss_end, ABSOLUTE (.))
                0x010b457c                PROVIDE (___sbss_end, ABSOLUTE (.))
 *(.dynbss)
 *(.bss .bss.* .gnu.linkonce.b.*)
 .bss           0x010b457c        0x0 ../SuperMarioTanks_bsp//obj/HAL/src/crt0.o
 .bss           0x010b457c        0x0 obj/default/field.o
 .bss           0x010b457c        0x0 obj/default/keyboard.o
 .bss           0x010b457c        0x0 obj/default/menu.o
 .bss           0x010b457c        0x0 obj/default/player.o
 .bss           0x010b457c        0x0 obj/default/screen.o
 .bss           0x010b457c        0x0 obj/default/sd_card.o
 .bss           0x010b457c        0x0 obj/default/tanks.o
 .bss           0x010b457c        0x0 c:/altera/12.0sp2/nios2eds/bin/gnu/h-i686-mingw32/bin/../lib/gcc/nios2-elf/4.1.2/../../../../nios2-elf/lib\libm.a(lib_a-s_cos.o)
 .bss           0x010b457c        0x0 c:/altera/12.0sp2/nios2eds/bin/gnu/h-i686-mingw32/bin/../lib/gcc/nios2-elf/4.1.2/../../../../nios2-elf/lib\libm.a(lib_a-s_sin.o)
 .bss           0x010b457c        0x0 c:/altera/12.0sp2/nios2eds/bin/gnu/h-i686-mingw32/bin/../lib/gcc/nios2-elf/4.1.2/../../../../nios2-elf/lib\libm.a(lib_a-w_sqrt.o)
 .bss           0x010b457c        0x0 c:/altera/12.0sp2/nios2eds/bin/gnu/h-i686-mingw32/bin/../lib/gcc/nios2-elf/4.1.2/../../../../nios2-elf/lib\libm.a(lib_a-e_rem_pio2.o)
 .bss           0x010b457c        0x0 c:/altera/12.0sp2/nios2eds/bin/gnu/h-i686-mingw32/bin/../lib/gcc/nios2-elf/4.1.2/../../../../nios2-elf/lib\libm.a(lib_a-e_sqrt.o)
 .bss           0x010b457c        0x0 c:/altera/12.0sp2/nios2eds/bin/gnu/h-i686-mingw32/bin/../lib/gcc/nios2-elf/4.1.2/../../../../nios2-elf/lib\libm.a(lib_a-k_cos.o)
 .bss           0x010b457c        0x0 c:/altera/12.0sp2/nios2eds/bin/gnu/h-i686-mingw32/bin/../lib/gcc/nios2-elf/4.1.2/../../../../nios2-elf/lib\libm.a(lib_a-k_rem_pio2.o)
 .bss           0x010b457c        0x0 c:/altera/12.0sp2/nios2eds/bin/gnu/h-i686-mingw32/bin/../lib/gcc/nios2-elf/4.1.2/../../../../nios2-elf/lib\libm.a(lib_a-k_sin.o)
 .bss           0x010b457c        0x0 c:/altera/12.0sp2/nios2eds/bin/gnu/h-i686-mingw32/bin/../lib/gcc/nios2-elf/4.1.2/../../../../nios2-elf/lib\libm.a(lib_a-s_fabs.o)
 .bss           0x010b457c        0x0 c:/altera/12.0sp2/nios2eds/bin/gnu/h-i686-mingw32/bin/../lib/gcc/nios2-elf/4.1.2/../../../../nios2-elf/lib\libm.a(lib_a-s_floor.o)
 .bss           0x010b457c        0x0 c:/altera/12.0sp2/nios2eds/bin/gnu/h-i686-mingw32/bin/../lib/gcc/nios2-elf/4.1.2/../../../../nios2-elf/lib\libm.a(lib_a-s_isnand.o)
 .bss           0x010b457c        0x0 c:/altera/12.0sp2/nios2eds/bin/gnu/h-i686-mingw32/bin/../lib/gcc/nios2-elf/4.1.2/../../../../nios2-elf/lib\libm.a(lib_a-s_lib_ver.o)
 .bss           0x010b457c        0x0 c:/altera/12.0sp2/nios2eds/bin/gnu/h-i686-mingw32/bin/../lib/gcc/nios2-elf/4.1.2/../../../../nios2-elf/lib\libm.a(lib_a-s_matherr.o)
 .bss           0x010b457c        0x0 c:/altera/12.0sp2/nios2eds/bin/gnu/h-i686-mingw32/bin/../lib/gcc/nios2-elf/4.1.2/../../../../nios2-elf/lib\libm.a(lib_a-s_scalbn.o)
 .bss           0x010b457c        0x0 c:/altera/12.0sp2/nios2eds/bin/gnu/h-i686-mingw32/bin/../lib/gcc/nios2-elf/4.1.2/../../../../nios2-elf/lib\libm.a(lib_a-s_copysign.o)
 .bss           0x010b457c        0x0 c:/altera/12.0sp2/nios2eds/bin/gnu/h-i686-mingw32/bin/../lib/gcc/nios2-elf/4.1.2\libgcc.a(_addsub_df.o)
 .bss           0x010b457c        0x0 c:/altera/12.0sp2/nios2eds/bin/gnu/h-i686-mingw32/bin/../lib/gcc/nios2-elf/4.1.2\libgcc.a(_mul_df.o)
 .bss           0x010b457c        0x0 c:/altera/12.0sp2/nios2eds/bin/gnu/h-i686-mingw32/bin/../lib/gcc/nios2-elf/4.1.2\libgcc.a(_div_df.o)
 .bss           0x010b457c        0x0 c:/altera/12.0sp2/nios2eds/bin/gnu/h-i686-mingw32/bin/../lib/gcc/nios2-elf/4.1.2\libgcc.a(_eq_df.o)
 .bss           0x010b457c        0x0 c:/altera/12.0sp2/nios2eds/bin/gnu/h-i686-mingw32/bin/../lib/gcc/nios2-elf/4.1.2\libgcc.a(_gt_df.o)
 .bss           0x010b457c        0x0 c:/altera/12.0sp2/nios2eds/bin/gnu/h-i686-mingw32/bin/../lib/gcc/nios2-elf/4.1.2\libgcc.a(_ge_df.o)
 .bss           0x010b457c        0x0 c:/altera/12.0sp2/nios2eds/bin/gnu/h-i686-mingw32/bin/../lib/gcc/nios2-elf/4.1.2\libgcc.a(_lt_df.o)
 .bss           0x010b457c        0x0 c:/altera/12.0sp2/nios2eds/bin/gnu/h-i686-mingw32/bin/../lib/gcc/nios2-elf/4.1.2\libgcc.a(_si_to_df.o)
 .bss           0x010b457c        0x0 c:/altera/12.0sp2/nios2eds/bin/gnu/h-i686-mingw32/bin/../lib/gcc/nios2-elf/4.1.2\libgcc.a(_df_to_si.o)
 .bss           0x010b457c        0x0 c:/altera/12.0sp2/nios2eds/bin/gnu/h-i686-mingw32/bin/../lib/gcc/nios2-elf/4.1.2\libgcc.a(_thenan_df.o)
 .bss           0x010b457c        0x0 c:/altera/12.0sp2/nios2eds/bin/gnu/h-i686-mingw32/bin/../lib/gcc/nios2-elf/4.1.2\libgcc.a(lib2-divmod.o)
 .bss           0x010b457c        0x0 c:/altera/12.0sp2/nios2eds/bin/gnu/h-i686-mingw32/bin/../lib/gcc/nios2-elf/4.1.2\libgcc.a(_muldi3.o)
 .bss           0x010b457c        0x0 c:/altera/12.0sp2/nios2eds/bin/gnu/h-i686-mingw32/bin/../lib/gcc/nios2-elf/4.1.2\libgcc.a(_clzsi2.o)
 .bss           0x010b457c        0x0 c:/altera/12.0sp2/nios2eds/bin/gnu/h-i686-mingw32/bin/../lib/gcc/nios2-elf/4.1.2\libgcc.a(_pack_df.o)
 .bss           0x010b457c        0x0 c:/altera/12.0sp2/nios2eds/bin/gnu/h-i686-mingw32/bin/../lib/gcc/nios2-elf/4.1.2\libgcc.a(_unpack_df.o)
 .bss           0x010b457c        0x0 c:/altera/12.0sp2/nios2eds/bin/gnu/h-i686-mingw32/bin/../lib/gcc/nios2-elf/4.1.2\libgcc.a(_fpcmp_parts_df.o)
 .bss           0x010b457c        0x0 c:/altera/12.0sp2/nios2eds/bin/gnu/h-i686-mingw32/bin/../lib/gcc/nios2-elf/4.1.2\libgcc.a(_clz.o)
 .bss           0x010b457c        0x0 c:/altera/12.0sp2/nios2eds/bin/gnu/h-i686-mingw32/bin/../lib/gcc/nios2-elf/4.1.2/../../../../nios2-elf/lib\libc.a(lib_a-errno.o)
 .bss           0x010b457c        0x0 c:/altera/12.0sp2/nios2eds/bin/gnu/h-i686-mingw32/bin/../lib/gcc/nios2-elf/4.1.2/../../../../nios2-elf/lib\libc.a(lib_a-impure.o)
 .bss           0x010b457c        0x0 c:/altera/12.0sp2/nios2eds/bin/gnu/h-i686-mingw32/bin/../lib/gcc/nios2-elf/4.1.2/../../../../nios2-elf/lib\libc.a(lib_a-printf.o)
 .bss           0x010b457c        0x0 c:/altera/12.0sp2/nios2eds/bin/gnu/h-i686-mingw32/bin/../lib/gcc/nios2-elf/4.1.2/../../../../nios2-elf/lib\libc.a(lib_a-puts.o)
 .bss           0x010b457c        0x0 c:/altera/12.0sp2/nios2eds/bin/gnu/h-i686-mingw32/bin/../lib/gcc/nios2-elf/4.1.2/../../../../nios2-elf/lib\libc.a(lib_a-snprintf.o)
 .bss           0x010b457c        0x0 c:/altera/12.0sp2/nios2eds/bin/gnu/h-i686-mingw32/bin/../lib/gcc/nios2-elf/4.1.2/../../../../nios2-elf/lib\libc.a(lib_a-strcpy.o)
 .bss           0x010b457c        0x0 c:/altera/12.0sp2/nios2eds/bin/gnu/h-i686-mingw32/bin/../lib/gcc/nios2-elf/4.1.2/../../../../nios2-elf/lib\libc.a(lib_a-strlen.o)
 .bss           0x010b457c        0x0 c:/altera/12.0sp2/nios2eds/bin/gnu/h-i686-mingw32/bin/../lib/gcc/nios2-elf/4.1.2/../../../../nios2-elf/lib\libc.a(lib_a-vfprintf.o)
 .bss           0x010b457c        0x0 c:/altera/12.0sp2/nios2eds/bin/gnu/h-i686-mingw32/bin/../lib/gcc/nios2-elf/4.1.2/../../../../nios2-elf/lib\libc.a(lib_a-wsetup.o)
 .bss           0x010b457c        0x0 c:/altera/12.0sp2/nios2eds/bin/gnu/h-i686-mingw32/bin/../lib/gcc/nios2-elf/4.1.2/../../../../nios2-elf/lib\libc.a(lib_a-dtoa.o)
 .bss           0x010b457c        0x0 c:/altera/12.0sp2/nios2eds/bin/gnu/h-i686-mingw32/bin/../lib/gcc/nios2-elf/4.1.2/../../../../nios2-elf/lib\libc.a(lib_a-fflush.o)
 .bss           0x010b457c        0x0 c:/altera/12.0sp2/nios2eds/bin/gnu/h-i686-mingw32/bin/../lib/gcc/nios2-elf/4.1.2/../../../../nios2-elf/lib\libc.a(lib_a-findfp.o)
 .bss           0x010b457c        0x0 c:/altera/12.0sp2/nios2eds/bin/gnu/h-i686-mingw32/bin/../lib/gcc/nios2-elf/4.1.2/../../../../nios2-elf/lib\libc.a(lib_a-freer.o)
 .bss           0x010b457c        0x0 c:/altera/12.0sp2/nios2eds/bin/gnu/h-i686-mingw32/bin/../lib/gcc/nios2-elf/4.1.2/../../../../nios2-elf/lib\libc.a(lib_a-fvwrite.o)
 .bss           0x010b457c        0x0 c:/altera/12.0sp2/nios2eds/bin/gnu/h-i686-mingw32/bin/../lib/gcc/nios2-elf/4.1.2/../../../../nios2-elf/lib\libc.a(lib_a-fwalk.o)
 .bss           0x010b457c        0x0 c:/altera/12.0sp2/nios2eds/bin/gnu/h-i686-mingw32/bin/../lib/gcc/nios2-elf/4.1.2/../../../../nios2-elf/lib\libc.a(lib_a-locale.o)
 .bss           0x010b457c        0x0 c:/altera/12.0sp2/nios2eds/bin/gnu/h-i686-mingw32/bin/../lib/gcc/nios2-elf/4.1.2/../../../../nios2-elf/lib\libc.a(lib_a-makebuf.o)
 .bss           0x010b457c       0x28 c:/altera/12.0sp2/nios2eds/bin/gnu/h-i686-mingw32/bin/../lib/gcc/nios2-elf/4.1.2/../../../../nios2-elf/lib\libc.a(lib_a-mallocr.o)
                0x010b457c                __malloc_current_mallinfo
 .bss           0x010b45a4        0x0 c:/altera/12.0sp2/nios2eds/bin/gnu/h-i686-mingw32/bin/../lib/gcc/nios2-elf/4.1.2/../../../../nios2-elf/lib\libc.a(lib_a-memchr.o)
 .bss           0x010b45a4        0x0 c:/altera/12.0sp2/nios2eds/bin/gnu/h-i686-mingw32/bin/../lib/gcc/nios2-elf/4.1.2/../../../../nios2-elf/lib\libc.a(lib_a-memcpy.o)
 .bss           0x010b45a4        0x0 c:/altera/12.0sp2/nios2eds/bin/gnu/h-i686-mingw32/bin/../lib/gcc/nios2-elf/4.1.2/../../../../nios2-elf/lib\libc.a(lib_a-memmove.o)
 .bss           0x010b45a4        0x0 c:/altera/12.0sp2/nios2eds/bin/gnu/h-i686-mingw32/bin/../lib/gcc/nios2-elf/4.1.2/../../../../nios2-elf/lib\libc.a(lib_a-memset.o)
 .bss           0x010b45a4        0x0 c:/altera/12.0sp2/nios2eds/bin/gnu/h-i686-mingw32/bin/../lib/gcc/nios2-elf/4.1.2/../../../../nios2-elf/lib\libc.a(lib_a-mprec.o)
 .bss           0x010b45a4        0x0 c:/altera/12.0sp2/nios2eds/bin/gnu/h-i686-mingw32/bin/../lib/gcc/nios2-elf/4.1.2/../../../../nios2-elf/lib\libc.a(lib_a-reallocr.o)
 .bss           0x010b45a4        0x0 c:/altera/12.0sp2/nios2eds/bin/gnu/h-i686-mingw32/bin/../lib/gcc/nios2-elf/4.1.2/../../../../nios2-elf/lib\libc.a(lib_a-s_isinfd.o)
 .bss           0x010b45a4        0x0 c:/altera/12.0sp2/nios2eds/bin/gnu/h-i686-mingw32/bin/../lib/gcc/nios2-elf/4.1.2/../../../../nios2-elf/lib\libc.a(lib_a-sbrkr.o)
 .bss           0x010b45a4        0x0 c:/altera/12.0sp2/nios2eds/bin/gnu/h-i686-mingw32/bin/../lib/gcc/nios2-elf/4.1.2/../../../../nios2-elf/lib\libc.a(lib_a-stdio.o)
 .bss           0x010b45a4        0x0 c:/altera/12.0sp2/nios2eds/bin/gnu/h-i686-mingw32/bin/../lib/gcc/nios2-elf/4.1.2/../../../../nios2-elf/lib\libc.a(lib_a-strcmp.o)
 .bss           0x010b45a4        0x0 c:/altera/12.0sp2/nios2eds/bin/gnu/h-i686-mingw32/bin/../lib/gcc/nios2-elf/4.1.2/../../../../nios2-elf/lib\libc.a(lib_a-writer.o)
 .bss           0x010b45a4        0x0 c:/altera/12.0sp2/nios2eds/bin/gnu/h-i686-mingw32/bin/../lib/gcc/nios2-elf/4.1.2/../../../../nios2-elf/lib\libc.a(lib_a-callocr.o)
 .bss           0x010b45a4        0x0 c:/altera/12.0sp2/nios2eds/bin/gnu/h-i686-mingw32/bin/../lib/gcc/nios2-elf/4.1.2/../../../../nios2-elf/lib\libc.a(lib_a-closer.o)
 .bss           0x010b45a4        0x0 c:/altera/12.0sp2/nios2eds/bin/gnu/h-i686-mingw32/bin/../lib/gcc/nios2-elf/4.1.2/../../../../nios2-elf/lib\libc.a(lib_a-fclose.o)
 .bss           0x010b45a4        0x0 c:/altera/12.0sp2/nios2eds/bin/gnu/h-i686-mingw32/bin/../lib/gcc/nios2-elf/4.1.2/../../../../nios2-elf/lib\libc.a(lib_a-fstatr.o)
 .bss           0x010b45a4        0x0 c:/altera/12.0sp2/nios2eds/bin/gnu/h-i686-mingw32/bin/../lib/gcc/nios2-elf/4.1.2/../../../../nios2-elf/lib\libc.a(lib_a-int_errno.o)
 .bss           0x010b45a4        0x0 c:/altera/12.0sp2/nios2eds/bin/gnu/h-i686-mingw32/bin/../lib/gcc/nios2-elf/4.1.2/../../../../nios2-elf/lib\libc.a(lib_a-isattyr.o)
 .bss           0x010b45a4        0x0 c:/altera/12.0sp2/nios2eds/bin/gnu/h-i686-mingw32/bin/../lib/gcc/nios2-elf/4.1.2/../../../../nios2-elf/lib\libc.a(lib_a-lseekr.o)
 .bss           0x010b45a4        0x0 c:/altera/12.0sp2/nios2eds/bin/gnu/h-i686-mingw32/bin/../lib/gcc/nios2-elf/4.1.2/../../../../nios2-elf/lib\libc.a(lib_a-readr.o)
 .bss           0x010b45a4        0x0 c:/altera/12.0sp2/nios2eds/bin/gnu/h-i686-mingw32/bin/../lib/gcc/nios2-elf/4.1.2\libgcc.a(_udivdi3.o)
 .bss           0x010b45a4        0x0 c:/altera/12.0sp2/nios2eds/bin/gnu/h-i686-mingw32/bin/../lib/gcc/nios2-elf/4.1.2\libgcc.a(_umoddi3.o)
 .bss           0x010b45a4        0x0 c:/altera/12.0sp2/nios2eds/bin/gnu/h-i686-mingw32/bin/../lib/gcc/nios2-elf/4.1.2\libgcc.a(_ne_df.o)
 .bss           0x010b45a4        0x0 c:/altera/12.0sp2/nios2eds/bin/gnu/h-i686-mingw32/bin/../lib/gcc/nios2-elf/4.1.2\libgcc.a(_usi_to_df.o)
 .bss           0x010b45a4        0x0 ../SuperMarioTanks_bsp/\libhal_bsp.a(alt_close.o)
 .bss           0x010b45a4        0x0 ../SuperMarioTanks_bsp/\libhal_bsp.a(alt_dev.o)
 .bss           0x010b45a4        0x0 ../SuperMarioTanks_bsp/\libhal_bsp.a(alt_errno.o)
 .bss           0x010b45a4        0x0 ../SuperMarioTanks_bsp/\libhal_bsp.a(alt_fstat.o)
 .bss           0x010b45a4        0x0 ../SuperMarioTanks_bsp/\libhal_bsp.a(alt_irq_register.o)
 .bss           0x010b45a4        0x0 ../SuperMarioTanks_bsp/\libhal_bsp.a(alt_irq_vars.o)
 .bss           0x010b45a4        0x0 ../SuperMarioTanks_bsp/\libhal_bsp.a(alt_isatty.o)
 .bss           0x010b45a4        0x0 ../SuperMarioTanks_bsp/\libhal_bsp.a(alt_load.o)
 .bss           0x010b45a4        0x0 ../SuperMarioTanks_bsp/\libhal_bsp.a(alt_lseek.o)
 .bss           0x010b45a4        0x0 ../SuperMarioTanks_bsp/\libhal_bsp.a(alt_main.o)
 .bss           0x010b45a4        0x0 ../SuperMarioTanks_bsp/\libhal_bsp.a(alt_malloc_lock.o)
 .bss           0x010b45a4        0x0 ../SuperMarioTanks_bsp/\libhal_bsp.a(alt_read.o)
 .bss           0x010b45a4        0x0 ../SuperMarioTanks_bsp/\libhal_bsp.a(alt_release_fd.o)
 .bss           0x010b45a4        0x0 ../SuperMarioTanks_bsp/\libhal_bsp.a(alt_sbrk.o)
 .bss           0x010b45a4        0x0 ../SuperMarioTanks_bsp/\libhal_bsp.a(alt_usleep.o)
 .bss           0x010b45a4        0x0 ../SuperMarioTanks_bsp/\libhal_bsp.a(alt_write.o)
 .bss           0x010b45a4        0x0 ../SuperMarioTanks_bsp/\libhal_bsp.a(alt_sys_init.o)
 .bss           0x010b45a4        0x0 ../SuperMarioTanks_bsp/\libhal_bsp.a(altera_avalon_jtag_uart_fd.o)
 .bss           0x010b45a4        0x0 ../SuperMarioTanks_bsp/\libhal_bsp.a(altera_avalon_jtag_uart_init.o)
 .bss           0x010b45a4        0x0 ../SuperMarioTanks_bsp/\libhal_bsp.a(altera_avalon_jtag_uart_ioctl.o)
 .bss           0x010b45a4        0x0 ../SuperMarioTanks_bsp/\libhal_bsp.a(altera_avalon_jtag_uart_read.o)
 .bss           0x010b45a4        0x0 ../SuperMarioTanks_bsp/\libhal_bsp.a(altera_avalon_jtag_uart_write.o)
 .bss           0x010b45a4        0x0 ../SuperMarioTanks_bsp/\libhal_bsp.a(altera_up_avalon_character_lcd.o)
 .bss           0x010b45a4        0x0 ../SuperMarioTanks_bsp/\libhal_bsp.a(altera_up_avalon_ps2.o)
 .bss           0x010b45a4        0x0 ../SuperMarioTanks_bsp/\libhal_bsp.a(altera_up_avalon_video_character_buffer_with_dma.o)
 .bss           0x010b45a4        0x0 ../SuperMarioTanks_bsp/\libhal_bsp.a(altera_up_avalon_video_pixel_buffer_dma.o)
 .bss           0x010b45a4        0x0 ../SuperMarioTanks_bsp/\libhal_bsp.a(altera_up_ps2_keyboard.o)
 .bss           0x010b45a4        0x0 ../SuperMarioTanks_bsp/\libhal_bsp.a(altera_up_sd_card_avalon_interface.o)
 .bss           0x010b45a4        0x0 ../SuperMarioTanks_bsp/\libhal_bsp.a(alt_alarm_start.o)
 .bss           0x010b45a4        0x0 ../SuperMarioTanks_bsp/\libhal_bsp.a(alt_busy_sleep.o)
 .bss           0x010b45a4        0x0 ../SuperMarioTanks_bsp/\libhal_bsp.a(alt_dcache_flush_all.o)
 .bss           0x010b45a4        0x0 ../SuperMarioTanks_bsp/\libhal_bsp.a(alt_dev_llist_insert.o)
 .bss           0x010b45a4        0x0 ../SuperMarioTanks_bsp/\libhal_bsp.a(alt_do_ctors.o)
 .bss           0x010b45a4        0x0 ../SuperMarioTanks_bsp/\libhal_bsp.a(alt_do_dtors.o)
 .bss           0x010b45a4        0x0 ../SuperMarioTanks_bsp/\libhal_bsp.a(alt_find_dev.o)
 .bss           0x010b45a4        0x0 ../SuperMarioTanks_bsp/\libhal_bsp.a(alt_icache_flush_all.o)
 .bss           0x010b45a4        0x0 ../SuperMarioTanks_bsp/\libhal_bsp.a(alt_io_redirect.o)
 .bss           0x010b45a4        0x0 ../SuperMarioTanks_bsp/\libhal_bsp.a(alt_irq_entry.o)
 .bss           0x010b45a4        0x0 ../SuperMarioTanks_bsp/\libhal_bsp.a(alt_irq_handler.o)
 .bss           0x010b45a4        0x0 ../SuperMarioTanks_bsp/\libhal_bsp.a(alt_open.o)
 .bss           0x010b45a4        0x0 ../SuperMarioTanks_bsp/\libhal_bsp.a(alt_tick.o)
 .bss           0x010b45a4        0x0 ../SuperMarioTanks_bsp/\libhal_bsp.a(altera_nios2_qsys_irq.o)
 .bss           0x010b45a4        0x0 ../SuperMarioTanks_bsp/\libhal_bsp.a(alt_exception_entry.o)
 .bss           0x010b45a4        0x0 ../SuperMarioTanks_bsp/\libhal_bsp.a(alt_find_file.o)
 .bss           0x010b45a4        0x0 ../SuperMarioTanks_bsp/\libhal_bsp.a(alt_get_fd.o)
 .bss           0x010b45a4        0x0 ../SuperMarioTanks_bsp/\libhal_bsp.a(alt_icache_flush.o)
 .bss           0x010b45a4        0x0 c:/altera/12.0sp2/nios2eds/bin/gnu/h-i686-mingw32/bin/../lib/gcc/nios2-elf/4.1.2/../../../../nios2-elf/lib\libc.a(lib_a-atexit.o)
 .bss           0x010b45a4        0x0 c:/altera/12.0sp2/nios2eds/bin/gnu/h-i686-mingw32/bin/../lib/gcc/nios2-elf/4.1.2/../../../../nios2-elf/lib\libc.a(lib_a-exit.o)
 .bss           0x010b45a4        0x0 c:/altera/12.0sp2/nios2eds/bin/gnu/h-i686-mingw32/bin/../lib/gcc/nios2-elf/4.1.2/../../../../nios2-elf/lib\libc.a(lib_a-memcmp.o)
 .bss           0x010b45a4        0x0 c:/altera/12.0sp2/nios2eds/bin/gnu/h-i686-mingw32/bin/../lib/gcc/nios2-elf/4.1.2/../../../../nios2-elf/lib\libc.a(lib_a-__atexit.o)
 .bss           0x010b45a4        0x0 c:/altera/12.0sp2/nios2eds/bin/gnu/h-i686-mingw32/bin/../lib/gcc/nios2-elf/4.1.2/../../../../nios2-elf/lib\libc.a(lib_a-__call_atexit.o)
 .bss           0x010b45a4        0x0 ../SuperMarioTanks_bsp/\libhal_bsp.a(alt_exit.o)
 *(COMMON)
 COMMON         0x010b45a4    0x4b5a8 obj/default/tanks.o
                0x010b45a4                map
                0x010ff5a4                p
                0x010ff640                player_name
                0x010ff64c                field
 COMMON         0x010ffb4c      0x568 ../SuperMarioTanks_bsp/\libhal_bsp.a(altera_up_sd_card_avalon_interface.o)
                0x010ffb4c                search_data
                0x010ffb60                boot_sector_data
                0x010ffbb4                active_files
 COMMON         0x011000b4      0x100 ../SuperMarioTanks_bsp/\libhal_bsp.a(alt_irq_handler.o)
                0x011000b4                alt_irq
 COMMON         0x011001b4      0x190 c:/altera/12.0sp2/nios2eds/bin/gnu/h-i686-mingw32/bin/../lib/gcc/nios2-elf/4.1.2/../../../../nios2-elf/lib\libc.a(lib_a-atexit.o)
                0x011001b4                _atexit0
                0x01100344                . = ALIGN (0x4)
                0x01100344                __bss_end = ABSOLUTE (.)

.onchip_memory  0x00004000        0x0 load address 0x01100344
                0x00004000                PROVIDE (_alt_partition_onchip_memory_start, ABSOLUTE (.))
 *(.onchip_memory. onchip_memory.*)
                0x00004000                . = ALIGN (0x4)
                0x00004000                PROVIDE (_alt_partition_onchip_memory_end, ABSOLUTE (.))
                0x01100344                PROVIDE (_alt_partition_onchip_memory_load_addr, LOADADDR (.onchip_memory))

.sdram          0x01100344        0x0
                0x01100344                PROVIDE (_alt_partition_sdram_start, ABSOLUTE (.))
 *(.sdram. sdram.*)
                0x01100344                . = ALIGN (0x4)
                0x01100344                PROVIDE (_alt_partition_sdram_end, ABSOLUTE (.))
                0x01100344                _end = ABSOLUTE (.)
                0x01100344                end = ABSOLUTE (.)
                0x01100344                __alt_stack_base = ABSOLUTE (.)
                0x01100344                PROVIDE (_alt_partition_sdram_load_addr, LOADADDR (.sdram))

.stab
 *(.stab)

.stabstr
 *(.stabstr)

.stab.excl
 *(.stab.excl)

.stab.exclstr
 *(.stab.exclstr)

.stab.index
 *(.stab.index)

.stab.indexstr
 *(.stab.indexstr)

.comment        0x00000000       0x26
 *(.comment)
 .comment       0x00000000       0x26 obj/default/field.o
                                 0x27 (size before relaxing)
 .comment       0x00000000       0x27 obj/default/keyboard.o
 .comment       0x00000000       0x27 obj/default/menu.o
 .comment       0x00000000       0x27 obj/default/player.o
 .comment       0x00000000       0x27 obj/default/screen.o
 .comment       0x00000000       0x27 obj/default/sd_card.o
 .comment       0x00000000       0x27 obj/default/tanks.o
 .comment       0x00000000       0x27 c:/altera/12.0sp2/nios2eds/bin/gnu/h-i686-mingw32/bin/../lib/gcc/nios2-elf/4.1.2/../../../../nios2-elf/lib\libm.a(lib_a-s_cos.o)
 .comment       0x00000000       0x27 c:/altera/12.0sp2/nios2eds/bin/gnu/h-i686-mingw32/bin/../lib/gcc/nios2-elf/4.1.2/../../../../nios2-elf/lib\libm.a(lib_a-s_sin.o)
 .comment       0x00000000       0x27 c:/altera/12.0sp2/nios2eds/bin/gnu/h-i686-mingw32/bin/../lib/gcc/nios2-elf/4.1.2/../../../../nios2-elf/lib\libm.a(lib_a-w_sqrt.o)
 .comment       0x00000000       0x27 c:/altera/12.0sp2/nios2eds/bin/gnu/h-i686-mingw32/bin/../lib/gcc/nios2-elf/4.1.2/../../../../nios2-elf/lib\libm.a(lib_a-e_rem_pio2.o)
 .comment       0x00000000       0x27 c:/altera/12.0sp2/nios2eds/bin/gnu/h-i686-mingw32/bin/../lib/gcc/nios2-elf/4.1.2/../../../../nios2-elf/lib\libm.a(lib_a-e_sqrt.o)
 .comment       0x00000000       0x27 c:/altera/12.0sp2/nios2eds/bin/gnu/h-i686-mingw32/bin/../lib/gcc/nios2-elf/4.1.2/../../../../nios2-elf/lib\libm.a(lib_a-k_cos.o)
 .comment       0x00000000       0x27 c:/altera/12.0sp2/nios2eds/bin/gnu/h-i686-mingw32/bin/../lib/gcc/nios2-elf/4.1.2/../../../../nios2-elf/lib\libm.a(lib_a-k_rem_pio2.o)
 .comment       0x00000000       0x27 c:/altera/12.0sp2/nios2eds/bin/gnu/h-i686-mingw32/bin/../lib/gcc/nios2-elf/4.1.2/../../../../nios2-elf/lib\libm.a(lib_a-k_sin.o)
 .comment       0x00000000       0x27 c:/altera/12.0sp2/nios2eds/bin/gnu/h-i686-mingw32/bin/../lib/gcc/nios2-elf/4.1.2/../../../../nios2-elf/lib\libm.a(lib_a-s_fabs.o)
 .comment       0x00000000       0x27 c:/altera/12.0sp2/nios2eds/bin/gnu/h-i686-mingw32/bin/../lib/gcc/nios2-elf/4.1.2/../../../../nios2-elf/lib\libm.a(lib_a-s_floor.o)
 .comment       0x00000000       0x27 c:/altera/12.0sp2/nios2eds/bin/gnu/h-i686-mingw32/bin/../lib/gcc/nios2-elf/4.1.2/../../../../nios2-elf/lib\libm.a(lib_a-s_isnand.o)
 .comment       0x00000000       0x27 c:/altera/12.0sp2/nios2eds/bin/gnu/h-i686-mingw32/bin/../lib/gcc/nios2-elf/4.1.2/../../../../nios2-elf/lib\libm.a(lib_a-s_lib_ver.o)
 .comment       0x00000000       0x27 c:/altera/12.0sp2/nios2eds/bin/gnu/h-i686-mingw32/bin/../lib/gcc/nios2-elf/4.1.2/../../../../nios2-elf/lib\libm.a(lib_a-s_matherr.o)
 .comment       0x00000000       0x27 c:/altera/12.0sp2/nios2eds/bin/gnu/h-i686-mingw32/bin/../lib/gcc/nios2-elf/4.1.2/../../../../nios2-elf/lib\libm.a(lib_a-s_scalbn.o)
 .comment       0x00000000       0x27 c:/altera/12.0sp2/nios2eds/bin/gnu/h-i686-mingw32/bin/../lib/gcc/nios2-elf/4.1.2/../../../../nios2-elf/lib\libm.a(lib_a-s_copysign.o)
 .comment       0x00000000       0x27 c:/altera/12.0sp2/nios2eds/bin/gnu/h-i686-mingw32/bin/../lib/gcc/nios2-elf/4.1.2\libgcc.a(_addsub_df.o)
 .comment       0x00000000       0x27 c:/altera/12.0sp2/nios2eds/bin/gnu/h-i686-mingw32/bin/../lib/gcc/nios2-elf/4.1.2\libgcc.a(_mul_df.o)